Component: ARM Compiler 5.06 update 5 (build 528) Tool: armlink [4d35e2]

==============================================================================

Section Cross References

    main.o(i.all_init) refers to remote.o(i.remote_init) for remote_init
    main.o(i.all_init) refers to pwm.o(i.pwm_init) for pwm_init
    main.o(i.all_init) refers to microsonic.o(i.microsonic_init) for microsonic_init
    main.o(i.all_init) refers to turn.o(i.turn_init) for turn_init
    main.o(i.all_init) refers to iravoid.o(i.IRAvoid_Init) for IRAvoid_Init
    main.o(i.all_init) refers to blackfollower.o(i.blackfollower_init) for blackfollower_init
    main.o(i.all_init) refers to bluetooth.o(i.usart_init) for usart_init
    main.o(i.all_init) refers to bluetooth.o(i.tim3_init) for tim3_init
    main.o(i.all_init) refers to misc.o(i.NVIC_PriorityGroupConfig) for NVIC_PriorityGroupConfig
    main.o(i.blue_command) refers to strcmpv7m.o(.text) for strcmp
    main.o(i.blue_command) refers to pwm.o(i.car_run) for car_run
    main.o(i.blue_command) refers to delay.o(i.delay_ms) for delay_ms
    main.o(i.blue_command) refers to pwm.o(i.car_back) for car_back
    main.o(i.blue_command) refers to pwm.o(i.car_left) for car_left
    main.o(i.blue_command) refers to pwm.o(i.car_brake) for car_brake
    main.o(i.blue_command) refers to pwm.o(i.car_right) for car_right
    main.o(i.blue_command) refers to pwm.o(i.car_spin_left) for car_spin_left
    main.o(i.blue_command) refers to pwm.o(i.car_spin_right) for car_spin_right
    main.o(i.blue_command) refers to iravoid.o(i.iravoid_check) for iravoid_check
    main.o(i.blue_command) refers to turn.o(i.microsonic_check) for microsonic_check
    main.o(i.blue_command) refers to blackfollower.o(i.black_follow_all) for black_follow_all
    main.o(i.blue_command) refers to remote.o(i.telecontrol) for telecontrol
    main.o(i.blue_command) refers to bluetooth.o(.data) for USART2_RX_STA
    main.o(i.blue_command) refers to bluetooth.o(.bss) for USART2_RX_BUF
    main.o(i.blue_command) refers to main.o(.data) for blue_flag
    main.o(i.main) refers to main.o(i.all_init) for all_init
    main.o(i.main) refers to pwm.o(i.car_brake) for car_brake
    main.o(i.main) refers to delay.o(i.delay_ms) for delay_ms
    main.o(i.main) refers to main.o(i.tele_command) for tele_command
    main.o(i.main) refers to main.o(i.blue_command) for blue_command
    main.o(i.tele_command) refers to remote.o(i.telecontrol) for telecontrol
    main.o(i.tele_command) refers to pwm.o(i.car_run) for car_run
    main.o(i.tele_command) refers to delay.o(i.delay_ms) for delay_ms
    main.o(i.tele_command) refers to pwm.o(i.car_back) for car_back
    main.o(i.tele_command) refers to pwm.o(i.car_brake) for car_brake
    main.o(i.tele_command) refers to pwm.o(i.car_left) for car_left
    main.o(i.tele_command) refers to pwm.o(i.car_right) for car_right
    main.o(i.tele_command) refers to pwm.o(i.car_spin_left) for car_spin_left
    main.o(i.tele_command) refers to pwm.o(i.car_spin_right) for car_spin_right
    main.o(i.tele_command) refers to iravoid.o(i.iravoid_check) for iravoid_check
    main.o(i.tele_command) refers to turn.o(i.microsonic_check) for microsonic_check
    main.o(i.tele_command) refers to blackfollower.o(i.black_follow_all) for black_follow_all
    main.o(i.tele_command) refers to main.o(.data) for key
    system_stm32f10x.o(i.SetSysClock) refers to system_stm32f10x.o(i.SetSysClockTo72) for SetSysClockTo72
    system_stm32f10x.o(i.SystemCoreClockUpdate) refers to system_stm32f10x.o(.data) for SystemCoreClock
    system_stm32f10x.o(i.SystemInit) refers to system_stm32f10x.o(i.SetSysClock) for SetSysClock
    stm32f10x_adc.o(i.ADC_DeInit) refers to stm32f10x_rcc.o(i.RCC_APB2PeriphResetCmd) for RCC_APB2PeriphResetCmd
    stm32f10x_bkp.o(i.BKP_DeInit) refers to stm32f10x_rcc.o(i.RCC_BackupResetCmd) for RCC_BackupResetCmd
    stm32f10x_can.o(i.CAN_DeInit) refers to stm32f10x_rcc.o(i.RCC_APB1PeriphResetCmd) for RCC_APB1PeriphResetCmd
    stm32f10x_can.o(i.CAN_GetITStatus) refers to stm32f10x_can.o(i.CheckITStatus) for CheckITStatus
    stm32f10x_cec.o(i.CEC_DeInit) refers to stm32f10x_rcc.o(i.RCC_APB1PeriphResetCmd) for RCC_APB1PeriphResetCmd
    stm32f10x_dac.o(i.DAC_DeInit) refers to stm32f10x_rcc.o(i.RCC_APB1PeriphResetCmd) for RCC_APB1PeriphResetCmd
    stm32f10x_flash.o(i.FLASH_EnableWriteProtection) refers to stm32f10x_flash.o(i.FLASH_WaitForLastOperation) for FLASH_WaitForLastOperation
    stm32f10x_flash.o(i.FLASH_EraseAllBank1Pages) refers to stm32f10x_flash.o(i.FLASH_WaitForLastBank1Operation) for FLASH_WaitForLastBank1Operation
    stm32f10x_flash.o(i.FLASH_EraseAllPages) refers to stm32f10x_flash.o(i.FLASH_WaitForLastOperation) for FLASH_WaitForLastOperation
    stm32f10x_flash.o(i.FLASH_EraseOptionBytes) refers to stm32f10x_flash.o(i.FLASH_GetReadOutProtectionStatus) for FLASH_GetReadOutProtectionStatus
[...]
    Removing stm32f10x_tim.o(i.TIM_ForcedOC1Config), (18 bytes).
    Removing stm32f10x_tim.o(i.TIM_ForcedOC2Config), (26 bytes).
    Removing stm32f10x_tim.o(i.TIM_ForcedOC3Config), (18 bytes).
    Removing stm32f10x_tim.o(i.TIM_ForcedOC4Config), (26 bytes).
    Removing stm32f10x_tim.o(i.TIM_GenerateEvent), (4 bytes).
    Removing stm32f10x_tim.o(i.TIM_GetCapture1), (6 bytes).
    Removing stm32f10x_tim.o(i.TIM_GetCapture3), (6 bytes).
    Removing stm32f10x_tim.o(i.TIM_GetCapture4), (8 bytes).
    Removing stm32f10x_tim.o(i.TIM_GetFlagStatus), (18 bytes).
    Removing stm32f10x_tim.o(i.TIM_GetPrescaler), (6 bytes).
    Removing stm32f10x_tim.o(i.TIM_ICStructInit), (18 bytes).
    Removing stm32f10x_tim.o(i.TIM_ITRxExternalClockConfig), (24 bytes).
    Removing stm32f10x_tim.o(i.TIM_InternalClockConfig), (12 bytes).
    Removing stm32f10x_tim.o(i.TIM_OC1FastConfig), (18 bytes).
    Removing stm32f10x_tim.o(i.TIM_OC1NPolarityConfig), (18 bytes).
    Removing stm32f10x_tim.o(i.TIM_OC1PolarityConfig), (18 bytes).
    Removing stm32f10x_tim.o(i.TIM_OC1PreloadConfig), (18 bytes).
    Removing stm32f10x_tim.o(i.TIM_OC2FastConfig), (26 bytes).
    Removing stm32f10x_tim.o(i.TIM_OC2Init), (164 bytes).
    Removing stm32f10x_tim.o(i.TIM_OC2NPolarityConfig), (26 bytes).
    Removing stm32f10x_tim.o(i.TIM_OC2PreloadConfig), (26 bytes).
    Removing stm32f10x_tim.o(i.TIM_OC3FastConfig), (18 bytes).
    Removing stm32f10x_tim.o(i.TIM_OC3NPolarityConfig), (26 bytes).
    Removing stm32f10x_tim.o(i.TIM_OC3PolarityConfig), (26 bytes).
    Removing stm32f10x_tim.o(i.TIM_OC3PreloadConfig), (18 bytes).
    Removing stm32f10x_tim.o(i.TIM_OC4FastConfig), (26 bytes).
    Removing stm32f10x_tim.o(i.TIM_OC4PolarityConfig), (26 bytes).
    Removing stm32f10x_tim.o(i.TIM_OC4PreloadConfig), (26 bytes).
    Removing stm32f10x_tim.o(i.TIM_OCStructInit), (20 bytes).
    Removing stm32f10x_tim.o(i.TIM_PWMIConfig), (124 bytes).
    Removing stm32f10x_tim.o(i.TIM_PrescalerConfig), (6 bytes).
    Removing stm32f10x_tim.o(i.TIM_SelectCCDMA), (24 bytes).
    Removing stm32f10x_tim.o(i.TIM_SelectCOM), (24 bytes).
    Removing stm32f10x_tim.o(i.TIM_SelectHallSensor), (24 bytes).
    Removing stm32f10x_tim.o(i.TIM_SelectInputTrigger), (18 bytes).
    Removing stm32f10x_tim.o(i.TIM_SelectMasterSlaveMode), (18 bytes).
    Removing stm32f10x_tim.o(i.TIM_SelectOCxM), (82 bytes).
    Removing stm32f10x_tim.o(i.TIM_SelectOnePulseMode), (18 bytes).
    Removing stm32f10x_tim.o(i.TIM_SelectOutputTrigger), (18 bytes).
    Removing stm32f10x_tim.o(i.TIM_SelectSlaveMode), (18 bytes).
    Removing stm32f10x_tim.o(i.TIM_SetAutoreload), (4 bytes).
    Removing stm32f10x_tim.o(i.TIM_SetClockDivision), (18 bytes).
    Removing stm32f10x_tim.o(i.TIM_SetCompare2), (4 bytes).
    Removing stm32f10x_tim.o(i.TIM_TIxExternalClockConfig), (62 bytes).
    Removing stm32f10x_tim.o(i.TIM_TimeBaseStructInit), (18 bytes).
    Removing stm32f10x_tim.o(i.TIM_UpdateDisableConfig), (24 bytes).
    Removing stm32f10x_tim.o(i.TIM_UpdateRequestConfig), (24 bytes).
    Removing stm32f10x_usart.o(i.USART_ClearFlag), (18 bytes).
    Removing stm32f10x_usart.o(i.USART_ClockInit), (34 bytes).
    Removing stm32f10x_usart.o(i.USART_ClockStructInit), (12 bytes).
    Removing stm32f10x_usart.o(i.USART_DMACmd), (18 bytes).
    Removing stm32f10x_usart.o(i.USART_DeInit), (156 bytes).
    Removing stm32f10x_usart.o(i.USART_GetFlagStatus), (26 bytes).
    Removing stm32f10x_usart.o(i.USART_HalfDuplexCmd), (24 bytes).
    Removing stm32f10x_usart.o(i.USART_IrDACmd), (24 bytes).
    Removing stm32f10x_usart.o(i.USART_IrDAConfig), (18 bytes).
    Removing stm32f10x_usart.o(i.USART_LINBreakDetectLengthConfig), (18 bytes).
    Removing stm32f10x_usart.o(i.USART_LINCmd), (24 bytes).
    Removing stm32f10x_usart.o(i.USART_OneBitMethodCmd), (24 bytes).
    Removing stm32f10x_usart.o(i.USART_OverSampling8Cmd), (22 bytes).
    Removing stm32f10x_usart.o(i.USART_ReceiverWakeUpCmd), (24 bytes).
    Removing stm32f10x_usart.o(i.USART_SendBreak), (10 bytes).
    Removing stm32f10x_usart.o(i.USART_SendData), (8 bytes).
    Removing stm32f10x_usart.o(i.USART_SetAddress), (18 bytes).
    Removing stm32f10x_usart.o(i.USART_SetGuardTime), (16 bytes).
    Removing stm32f10x_usart.o(i.USART_SetPrescaler), (16 bytes).
    Removing stm32f10x_usart.o(i.USART_SmartCardCmd), (24 bytes).
    Removing stm32f10x_usart.o(i.USART_SmartCardNACKCmd), (24 bytes).
    Removing stm32f10x_usart.o(i.USART_StructInit), (24 bytes).
    Removing stm32f10x_usart.o(i.USART_WakeUpConfig), (18 bytes).
    Removing stm32f10x_wwdg.o(i.WWDG_ClearFlag), (12 bytes).
    Removing stm32f10x_wwdg.o(i.WWDG_DeInit), (22 bytes).
    Removing stm32f10x_wwdg.o(i.WWDG_Enable), (16 bytes).
    Removing stm32f10x_wwdg.o(i.WWDG_EnableIT), (12 bytes).
    Removing stm32f10x_wwdg.o(i.WWDG_GetFlagStatus), (12 bytes).
    Removing stm32f10x_wwdg.o(i.WWDG_SetCounter), (16 bytes).
    Removing stm32f10x_wwdg.o(i.WWDG_SetPrescaler), (24 bytes).
    Removing stm32f10x_wwdg.o(i.WWDG_SetWindowValue), (40 bytes).
    Removing core_cm3.o(.emb_text), (32 bytes).
    Removing delay.o(i.delay_s), (24 bytes).
    Removing oled.o(i.OLED_Clear), (42 bytes).
    Removing oled.o(i.OLED_I2C_Init), (104 bytes).
    Removing oled.o(i.OLED_I2C_SendByte), (80 bytes).
    Removing oled.o(i.OLED_I2C_Start), (48 bytes).
    Removing oled.o(i.OLED_I2C_Stop), (40 bytes).
    Removing oled.o(i.OLED_Init), (174 bytes).
    Removing oled.o(i.OLED_Pow), (20 bytes).
    Removing oled.o(i.OLED_SetCursor), (34 bytes).
    Removing oled.o(i.OLED_ShowBinNum), (62 bytes).
    Removing oled.o(i.OLED_ShowChar), (116 bytes).
    Removing oled.o(i.OLED_ShowHexNum), (84 bytes).
    Removing oled.o(i.OLED_ShowNum), (68 bytes).
    Removing oled.o(i.OLED_ShowSignedNum), (102 bytes).
    Removing oled.o(i.OLED_ShowString), (40 bytes).
    Removing oled.o(i.OLED_WriteCommand), (32 bytes).
    Removing oled.o(i.OLED_WriteData), (32 bytes).
    Removing oled.o(.constdata), (1520 bytes).
    Removing sys.o(.emb_text), (6 bytes).
    Removing sys.o(i.INTX_DISABLE), (4 bytes).
    Removing sys.o(i.INTX_ENABLE), (4 bytes).
    Removing sys.o(i.WFI_SET), (4 bytes).
    Removing blackfollower.o(.data), (8 bytes).

454 unused section(s) (total 19046 bytes) removed from the image.

==============================================================================

Image Symbol Table

    Local Symbols

    Symbol Name                              Value     Ov Type        Size  Object(Section)

    ../clib/angel/boardlib.s                 0x00000000   Number         0  boardinit3.o ABSOLUTE
    ../clib/angel/boardlib.s                 0x00000000   Number         0  boardinit2.o ABSOLUTE
    ../clib/angel/boardlib.s                 0x00000000   Number         0  boardinit1.o ABSOLUTE
    ../clib/angel/boardlib.s                 0x00000000   Number         0  boardshut.o ABSOLUTE
    ../clib/angel/handlers.s                 0x00000000   Number         0  __scatter_zi.o ABSOLUTE
    ../clib/angel/handlers.s                 0x00000000   Number         0  __scatter_copy.o ABSOLUTE
    ../clib/angel/kernel.s                   0x00000000   Number         0  __rtentry4.o ABSOLUTE
    ../clib/angel/kernel.s                   0x00000000   Number         0  __rtentry2.o ABSOLUTE
    ../clib/angel/kernel.s                   0x00000000   Number         0  rtexit.o ABSOLUTE
    ../clib/angel/kernel.s                   0x00000000   Number         0  __rtentry.o ABSOLUTE
    ../clib/angel/kernel.s                   0x00000000   Number         0  rtexit2.o ABSOLUTE
    ../clib/angel/rt.s                       0x00000000   Number         0  rt_raise.o ABSOLUTE
    ../clib/angel/scatter.s                  0x00000000   Number         0  __scatter.o ABSOLUTE
    ../clib/angel/startup.s                  0x00000000   Number         0  __main.o ABSOLUTE
    ../clib/angel/sys.s                      0x00000000   Number         0  sys_stackheap_outer.o ABSOLUTE
    ../clib/angel/sys.s                      0x00000000   Number         0  use_no_semi.o ABSOLUTE
    ../clib/angel/sys.s                      0x00000000   Number         0  indicate_semi.o ABSOLUTE
    ../clib/angel/sys.s                      0x00000000   Number         0  libspace.o ABSOLUTE
    ../clib/angel/sysapp.c                   0x00000000   Number         0  sys_command.o ABSOLUTE
    ../clib/angel/sysapp.c                   0x00000000   Number         0  sys_wrch.o ABSOLUTE
    ../clib/angel/sysapp.c                   0x00000000   Number         0  sys_exit.o ABSOLUTE
    ../clib/armsys.c                         0x00000000   Number         0  argv_veneer.o ABSOLUTE
    ../clib/armsys.c                         0x00000000   Number         0  argv_veneer.o ABSOLUTE
    ../clib/armsys.c                         0x00000000   Number         0  _get_argv_nomalloc.o ABSOLUTE
    ../clib/armsys.c                         0x00000000   Number         0  no_argv.o ABSOLUTE
    ../clib/heapalloc.c                      0x00000000   Number         0  hrguard.o ABSOLUTE
    ../clib/heapaux.c                        0x00000000   Number         0  heapauxi.o ABSOLUTE
    ../clib/libinit.s                        0x00000000   Number         0  libshutdown.o ABSOLUTE
    ../clib/libinit.s                        0x00000000   Number         0  libinit.o ABSOLUTE
    ../clib/libinit.s                        0x00000000   Number         0  libinit2.o ABSOLUTE
    ../clib/libinit.s                        0x00000000   Number         0  libshutdown2.o ABSOLUTE
    ../clib/memcpset.s                       0x00000000   Number         0  strcmpv7m.o ABSOLUTE
    ../clib/signal.c                         0x00000000   Number         0  defsig_general.o ABSOLUTE
    ../clib/signal.c                         0x00000000   Number         0  __raise.o ABSOLUTE
    ../clib/signal.c                         0x00000000   Number         0  defsig_rtmem_outer.o ABSOLUTE
    ../clib/signal.c                         0x00000000   Number         0  defsig_rtmem_formal.o ABSOLUTE
    ../clib/signal.c                         0x00000000   Number         0  defsig_abrt_inner.o ABSOLUTE
    ../clib/signal.c                         0x00000000   Number         0  defsig_fpe_inner.o ABSOLUTE
    ../clib/signal.c                         0x00000000   Number         0  defsig_rtred_inner.o ABSOLUTE
    ../clib/signal.c                         0x00000000   Number         0  defsig_stak_inner.o ABSOLUTE
    ../clib/signal.c                         0x00000000   Number         0  defsig_segv_inner.o ABSOLUTE
    ../clib/signal.c                         0x00000000   Number         0  defsig_exit.o ABSOLUTE
    ../clib/signal.c                         0x00000000   Number         0  defsig_rtmem_inner.o ABSOLUTE
    ../clib/signal.c                         0x00000000   Number         0  defsig_pvfn_inner.o ABSOLUTE
    ../clib/signal.c                         0x00000000   Number         0  defsig_cppl_inner.o ABSOLUTE
    ../clib/signal.c                         0x00000000   Number         0  defsig_other.o ABSOLUTE
    ../clib/signal.s                         0x00000000   Number         0  defsig.o ABSOLUTE
    ../clib/stdlib.c                         0x00000000   Number         0  exit.o ABSOLUTE
    ../fplib/d2f.s                           0x00000000   Number         0  d2f.o ABSOLUTE
    ../fplib/daddsub.s                       0x00000000   Number         0  daddsub_clz.o ABSOLUTE
    ../fplib/ddiv.s                          0x00000000   Number         0  ddiv.o ABSOLUTE
    ../fplib/dfixu.s                         0x00000000   Number         0  dfixu.o ABSOLUTE
    ../fplib/dflt.s                          0x00000000   Number         0  dflt_clz.o ABSOLUTE
    ../fplib/dmul.s                          0x00000000   Number         0  dmul.o ABSOLUTE
    ../fplib/dnaninf.s                       0x00000000   Number         0  dnaninf.o ABSOLUTE
    ../fplib/dretinf.s                       0x00000000   Number         0  dretinf.o ABSOLUTE
    ../fplib/f2d.s                           0x00000000   Number         0  f2d.o ABSOLUTE
    ../fplib/ffix.s                          0x00000000   Number         0  ffix.o ABSOLUTE
    ../fplib/ffixu.s                         0x00000000   Number         0  ffixu.o ABSOLUTE
    ../fplib/fflt.s                          0x00000000   Number         0  fflt_clz.o ABSOLUTE
    ../fplib/fmul.s                          0x00000000   Number         0  fmul.o ABSOLUTE
    ../fplib/fnaninf.s                       0x00000000   Number         0  fnaninf.o ABSOLUTE
    ../fplib/fpinit.s                        0x00000000   Number         0  fpinit.o ABSOLUTE
    ../fplib/fretinf.s                       0x00000000   Number         0  fretinf.o ABSOLUTE
    ../fplib/usenofp.s                       0x00000000   Number         0  usenofp.o ABSOLUTE
    ..\CORE\core_cm3.c                       0x00000000   Number         0  core_cm3.o ABSOLUTE
    ..\CORE\startup_stm32f10x_hd.s           0x00000000   Number         0  startup_stm32f10x_hd.o ABSOLUTE
    ..\FWLIB\src\misc.c                      0x00000000   Number         0  misc.o ABSOLUTE
    ..\FWLIB\src\stm32f10x_adc.c             0x00000000   Number         0  stm32f10x_adc.o ABSOLUTE
    ..\FWLIB\src\stm32f10x_bkp.c             0x00000000   Number         0  stm32f10x_bkp.o ABSOLUTE
    ..\FWLIB\src\stm32f10x_can.c             0x00000000   Number         0  stm32f10x_can.o ABSOLUTE
    ..\FWLIB\src\stm32f10x_cec.c             0x00000000   Number         0  stm32f10x_cec.o ABSOLUTE
    ..\FWLIB\src\stm32f10x_crc.c             0x00000000   Number         0  stm32f10x_crc.o ABSOLUTE
    ..\FWLIB\src\stm32f10x_dac.c             0x00000000   Number         0  stm32f10x_dac.o ABSOLUTE
    ..\FWLIB\src\stm32f10x_dbgmcu.c          0x00000000   Number         0  stm32f10x_dbgmcu.o ABSOLUTE
    ..\FWLIB\src\stm32f10x_dma.c             0x00000000   Number         0  stm32f10x_dma.o ABSOLUTE
    ..\FWLIB\src\stm32f10x_exti.c            0x00000000   Number         0  stm32f10x_exti.o ABSOLUTE
    ..\FWLIB\src\stm32f10x_flash.c           0x00000000   Number         0  stm32f10x_flash.o ABSOLUTE
    ..\FWLIB\src\stm32f10x_fsmc.c            0x00000000   Number         0  stm32f10x_fsmc.o ABSOLUTE
    ..\FWLIB\src\stm32f10x_gpio.c            0x00000000   Number         0  stm32f10x_gpio.o ABSOLUTE
    ..\FWLIB\src\stm32f10x_i2c.c             0x00000000   Number         0  stm32f10x_i2c.o ABSOLUTE
    ..\FWLIB\src\stm32f10x_iwdg.c            0x00000000   Number         0  stm32f10x_iwdg.o ABSOLUTE
    ..\FWLIB\src\stm32f10x_pwr.c             0x00000000   Number         0  stm32f10x_pwr.o ABSOLUTE
    ..\FWLIB\src\stm32f10x_rcc.c             0x00000000   Number         0  stm32f10x_rcc.o ABSOLUTE
    ..\FWLIB\src\stm32f10x_rtc.c             0x00000000   Number         0  stm32f10x_rtc.o ABSOLUTE
    ..\FWLIB\src\stm32f10x_sdio.c            0x00000000   Number         0  stm32f10x_sdio.o ABSOLUTE
    ..\FWLIB\src\stm32f10x_spi.c             0x00000000   Number         0  stm32f10x_spi.o ABSOLUTE
    ..\FWLIB\src\stm32f10x_tim.c             0x00000000   Number         0  stm32f10x_tim.o ABSOLUTE
    ..\FWLIB\src\stm32f10x_usart.c           0x00000000   Number         0  stm32f10x_usart.o ABSOLUTE
    ..\FWLIB\src\stm32f10x_wwdg.c            0x00000000   Number         0  stm32f10x_wwdg.o ABSOLUTE
    ..\HARDWARE\Delay.c                      0x00000000   Number         0  delay.o ABSOLUTE
    ..\HARDWARE\OLED.c                       0x00000000   Number         0  oled.o ABSOLUTE
    ..\HARDWARE\blackfollower.c              0x00000000   Number         0  blackfollower.o ABSOLUTE
    ..\HARDWARE\bluetooth.c                  0x00000000   Number         0  bluetooth.o ABSOLUTE
    ..\HARDWARE\iravoid.c                    0x00000000   Number         0  iravoid.o ABSOLUTE
    ..\HARDWARE\microsonic.c                 0x00000000   Number         0  microsonic.o ABSOLUTE
    ..\HARDWARE\pwm.c                        0x00000000   Number         0  pwm.o ABSOLUTE
    ..\HARDWARE\remote.c                     0x00000000   Number         0  remote.o ABSOLUTE
    ..\HARDWARE\sys.c                        0x00000000   Number         0  sys.o ABSOLUTE
    ..\HARDWARE\turn.c                       0x00000000   Number         0  turn.o ABSOLUTE
    ..\\CORE\\core_cm3.c                     0x00000000   Number         0  core_cm3.o ABSOLUTE
    ..\\HARDWARE\\sys.c                      0x00000000   Number         0  sys.o ABSOLUTE
    dc.s                                     0x00000000   Number         0  dc.o ABSOLUTE
    main.c                                   0x00000000   Number         0  main.o ABSOLUTE
    stm32f10x_it.c                           0x00000000   Number         0  stm32f10x_it.o ABSOLUTE
    system_stm32f10x.c                       0x00000000   Number         0  system_stm32f10x.o ABSOLUTE
    RESET                                    0x08000000   Section      304  startup_stm32f10x_hd.o(RESET)
    !!!main                                  0x08000130   Section        8  __main.o(!!!main)
    !!!scatter                               0x08000138   Section       52  __scatter.o(!!!scatter)
    !!handler_copy                           0x0800016c   Section       26  __scatter_copy.o(!!handler_copy)
    !!handler_zi                             0x08000188   Section       28  __scatter_zi.o(!!handler_zi)
    .ARM.Collect$$libinit$$00000000          0x080001a4   Section        2  libinit.o(.ARM.Collect$$libinit$$00000000)
    .ARM.Collect$$libinit$$00000002          0x080001a6   Section        0  libinit2.o(.ARM.Collect$$libinit$$00000002)
    .ARM.Collect$$libinit$$00000004          0x080001a6   Section        0  libinit2.o(.ARM.Collect$$libinit$$00000004)
    .ARM.Collect$$libinit$$0000000A          0x080001a6   Section        0  libinit2.o(.ARM.Collect$$libinit$$0000000A)
    .ARM.Collect$$libinit$$0000000C          0x080001a6   Section        0  libinit2.o(.ARM.Collect$$libinit$$0000000C)
    .ARM.Collect$$libinit$$0000000E          0x080001a6   Section        0  libinit2.o(.ARM.Collect$$libinit$$0000000E)
    .ARM.Collect$$libinit$$00000011          0x080001a6   Section        0  libinit2.o(.ARM.Collect$$libinit$$00000011)
    .ARM.Collect$$libinit$$00000013          0x080001a6   Section        0  libinit2.o(.ARM.Collect$$libinit$$00000013)
    .ARM.Collect$$libinit$$00000015          0x080001a6   Section        0  libinit2.o(.ARM.Collect$$libinit$$00000015)
    .ARM.Collect$$libinit$$00000017          0x080001a6   Section        0  libinit2.o(.ARM.Collect$$libinit$$00000017)
    .ARM.Collect$$libinit$$00000019          0x080001a6   Section        0  libinit2.o(.ARM.Collect$$libinit$$00000019)
    .ARM.Collect$$libinit$$0000001B          0x080001a6   Section        0  libinit2.o(.ARM.Collect$$libinit$$0000001B)
    .ARM.Collect$$libinit$$0000001D          0x080001a6   Section        0  libinit2.o(.ARM.Collect$$libinit$$0000001D)
    .ARM.Collect$$libinit$$0000001F          0x080001a6   Section        0  libinit2.o(.ARM.Collect$$libinit$$0000001F)
    .ARM.Collect$$libinit$$00000021          0x080001a6   Section        0  libinit2.o(.ARM.Collect$$libinit$$00000021)
    .ARM.Collect$$libinit$$00000023          0x080001a6   Section        0  libinit2.o(.ARM.Collect$$libinit$$00000023)
    .ARM.Collect$$libinit$$00000025          0x080001a6   Section        0  libinit2.o(.ARM.Collect$$libinit$$00000025)
    .ARM.Collect$$libinit$$0000002C          0x080001a6   Section        0  libinit2.o(.ARM.Collect$$libinit$$0000002C)
    .ARM.Collect$$libinit$$0000002E          0x080001a6   Section        0  libinit2.o(.ARM.Collect$$libinit$$0000002E)
    .ARM.Collect$$libinit$$00000030          0x080001a6   Section        0  libinit2.o(.ARM.Collect$$libinit$$00000030)
    .ARM.Collect$$libinit$$00000032          0x080001a6   Section        0  libinit2.o(.ARM.Collect$$libinit$$00000032)
    .ARM.Collect$$libinit$$00000033          0x080001a6   Section        2  libinit2.o(.ARM.Collect$$libinit$$00000033)
    .ARM.Collect$$libshutdown$$00000000      0x080001a8   Section        2  libshutdown.o(.ARM.Collect$$libshutdown$$00000000)
    .ARM.Collect$$libshutdown$$00000002      0x080001aa   Section        0  libshutdown2.o(.ARM.Collect$$libshutdown$$00000002)
    .ARM.Collect$$libshutdown$$00000004      0x080001aa   Section        0  libshutdown2.o(.ARM.Collect$$libshutdown$$00000004)
    .ARM.Collect$$libshutdown$$00000007      0x080001aa   Section        0  libshutdown2.o(.ARM.Collect$$libshutdown$$00000007)
    .ARM.Collect$$libshutdown$$0000000A      0x080001aa   Section        0  libshutdown2.o(.ARM.Collect$$libshutdown$$0000000A)
    .ARM.Collect$$libshutdown$$0000000C      0x080001aa   Section        0  libshutdown2.o(.ARM.Collect$$libshutdown$$0000000C)
    .ARM.Collect$$libshutdown$$0000000F      0x080001aa   Section        0  libshutdown2.o(.ARM.Collect$$libshutdown$$0000000F)
    .ARM.Collect$$libshutdown$$00000010      0x080001aa   Section        2  libshutdown2.o(.ARM.Collect$$libshutdown$$00000010)
    .ARM.Collect$$rtentry$$00000000          0x080001ac   Section        0  __rtentry.o(.ARM.Collect$$rtentry$$00000000)
    .ARM.Collect$$rtentry$$00000002          0x080001ac   Section        0  __rtentry2.o(.ARM.Collect$$rtentry$$00000002)
    .ARM.Collect$$rtentry$$00000004          0x080001ac   Section        6  __rtentry4.o(.ARM.Collect$$rtentry$$00000004)
    .ARM.Collect$$rtentry$$00000009          0x080001b2   Section        0  __rtentry2.o(.ARM.Collect$$rtentry$$00000009)
    .ARM.Collect$$rtentry$$0000000A          0x080001b2   Section        4  __rtentry2.o(.ARM.Collect$$rtentry$$0000000A)
    .ARM.Collect$$rtentry$$0000000C          0x080001b6   Section        0  __rtentry2.o(.ARM.Collect$$rtentry$$0000000C)
    .ARM.Collect$$rtentry$$0000000D          0x080001b6   Section        8  __rtentry2.o(.ARM.Collect$$rtentry$$0000000D)
    .ARM.Collect$$rtexit$$00000000           0x080001be   Section        2  rtexit.o(.ARM.Collect$$rtexit$$00000000)
    .ARM.Collect$$rtexit$$00000002           0x080001c0   Section        0  rtexit2.o(.ARM.Collect$$rtexit$$00000002)
    .ARM.Collect$$rtexit$$00000003           0x080001c0   Section        4  rtexit2.o(.ARM.Collect$$rtexit$$00000003)
    .ARM.Collect$$rtexit$$00000004           0x080001c4   Section        6  rtexit2.o(.ARM.Collect$$rtexit$$00000004)
    .text                                    0x080001cc   Section       64  startup_stm32f10x_hd.o(.text)
    .text                                    0x0800020c   Section      128  strcmpv7m.o(.text)
    .text                                    0x0800028c   Section        0  heapauxi.o(.text)
    .text                                    0x08000292   Section       74  sys_stackheap_outer.o(.text)
    .text                                    0x080002dc   Section        0  exit.o(.text)
    .text                                    0x080002f0   Section        8  libspace.o(.text)
    .text                                    0x080002f8   Section        0  sys_exit.o(.text)
    .text                                    0x08000304   Section        2  use_no_semi.o(.text)
    .text                                    0x08000306   Section        0  indicate_semi.o(.text)
    i.BusFault_Handler                       0x08000306   Section        0  stm32f10x_it.o(i.BusFault_Handler)
    i.DebugMon_Handler                       0x0800030a   Section        0  stm32f10x_it.o(i.DebugMon_Handler)
    i.EXTI1_IRQHandler                       0x0800030c   Section        0  microsonic.o(i.EXTI1_IRQHandler)
    i.EXTI_ClearITPendingBit                 0x08000380   Section        0  stm32f10x_exti.o(i.EXTI_ClearITPendingBit)
    i.EXTI_GetITStatus                       0x0800038c   Section        0  stm32f10x_exti.o(i.EXTI_GetITStatus)
    i.EXTI_Init                              0x080003b4   Section        0  stm32f10x_exti.o(i.EXTI_Init)
    i.GPIO_EXTILineConfig                    0x08000448   Section        0  stm32f10x_gpio.o(i.GPIO_EXTILineConfig)
    i.GPIO_Init                              0x08000488   Section        0  stm32f10x_gpio.o(i.GPIO_Init)
    i.GPIO_ReadInputDataBit                  0x0800059e   Section        0  stm32f10x_gpio.o(i.GPIO_ReadInputDataBit)
    i.GPIO_ResetBits                         0x080005b0   Section        0  stm32f10x_gpio.o(i.GPIO_ResetBits)
    i.GPIO_SetBits                           0x080005b4   Section        0  stm32f10x_gpio.o(i.GPIO_SetBits)
    i.HardFault_Handler                      0x080005b8   Section        0  stm32f10x_it.o(i.HardFault_Handler)
    i.IRAvoid_Init                           0x080005bc   Section        0  iravoid.o(i.IRAvoid_Init)
    i.MemManage_Handler                      0x08000610   Section        0  stm32f10x_it.o(i.MemManage_Handler)
    i.NMI_Handler                            0x08000614   Section        0  stm32f10x_it.o(i.NMI_Handler)
    i.NVIC_Init                              0x08000618   Section        0  misc.o(i.NVIC_Init)
    i.NVIC_PriorityGroupConfig               0x08000688   Section        0  misc.o(i.NVIC_PriorityGroupConfig)
    i.PendSV_Handler                         0x0800069c   Section        0  stm32f10x_it.o(i.PendSV_Handler)
    i.RCC_APB1PeriphClockCmd                 0x080006a0   Section        0  stm32f10x_rcc.o(i.RCC_APB1PeriphClockCmd)
    i.RCC_APB2PeriphClockCmd                 0x080006c0   Section        0  stm32f10x_rcc.o(i.RCC_APB2PeriphClockCmd)
    i.RCC_GetClocksFreq                      0x080006e0   Section        0  stm32f10x_rcc.o(i.RCC_GetClocksFreq)
    i.SVC_Handler                            0x080007b4   Section        0  stm32f10x_it.o(i.SVC_Handler)
    i.SetSysClock                            0x080007b6   Section        0  system_stm32f10x.o(i.SetSysClock)
    SetSysClock                              0x080007b7   Thumb Code     8  system_stm32f10x.o(i.SetSysClock)
    i.SetSysClockTo72                        0x080007c0   Section        0  system_stm32f10x.o(i.SetSysClockTo72)
    SetSysClockTo72                          0x080007c1   Thumb Code   214  system_stm32f10x.o(i.SetSysClockTo72)
    i.SysTick_Handler                        0x080008a0   Section        0  stm32f10x_it.o(i.SysTick_Handler)
    i.SystemInit                             0x080008a4   Section        0  system_stm32f10x.o(i.SystemInit)
    i.TI1_Config                             0x08000904   Section        0  stm32f10x_tim.o(i.TI1_Config)
    TI1_Config                               0x08000905   Thumb Code   108  stm32f10x_tim.o(i.TI1_Config)
    i.TI2_Config                             0x08000984   Section        0  stm32f10x_tim.o(i.TI2_Config)
    TI2_Config                               0x08000985   Thumb Code   130  stm32f10x_tim.o(i.TI2_Config)
    i.TI3_Config                             0x08000a1c   Section        0  stm32f10x_tim.o(i.TI3_Config)
    TI3_Config                               0x08000a1d   Thumb Code   122  stm32f10x_tim.o(i.TI3_Config)
    i.TI4_Config                             0x08000aac   Section        0  stm32f10x_tim.o(i.TI4_Config)
    TI4_Config                               0x08000aad   Thumb Code   130  stm32f10x_tim.o(i.TI4_Config)
    i.TIM2_IRQHandler                        0x08000b44   Section        0  remote.o(i.TIM2_IRQHandler)
    i.TIM3_IRQHandler                        0x08000ce0   Section        0  bluetooth.o(i.TIM3_IRQHandler)
    i.TIM_ClearFlag                          0x08000d14   Section        0  stm32f10x_tim.o(i.TIM_ClearFlag)
    i.TIM_ClearITPendingBit                  0x08000d1a   Section        0  stm32f10x_tim.o(i.TIM_ClearITPendingBit)
    i.TIM_Cmd                                0x08000d20   Section        0  stm32f10x_tim.o(i.TIM_Cmd)
    i.TIM_GetCapture2                        0x08000d38   Section        0  stm32f10x_tim.o(i.TIM_GetCapture2)
    i.TIM_GetCounter                         0x08000d3e   Section        0  stm32f10x_tim.o(i.TIM_GetCounter)
    i.TIM_GetITStatus                        0x08000d44   Section        0  stm32f10x_tim.o(i.TIM_GetITStatus)
    i.TIM_ICInit                             0x08000d68   Section        0  stm32f10x_tim.o(i.TIM_ICInit)
    i.TIM_ITConfig                           0x08000e14   Section        0  stm32f10x_tim.o(i.TIM_ITConfig)
    i.TIM_OC1Init                            0x08000e28   Section        0  stm32f10x_tim.o(i.TIM_OC1Init)
    i.TIM_OC2PolarityConfig                  0x08000ec0   Section        0  stm32f10x_tim.o(i.TIM_OC2PolarityConfig)
    i.TIM_OC3Init                            0x08000edc   Section        0  stm32f10x_tim.o(i.TIM_OC3Init)
    i.TIM_OC4Init                            0x08000f7c   Section        0  stm32f10x_tim.o(i.TIM_OC4Init)
    i.TIM_SetCompare1                        0x08000ff8   Section        0  stm32f10x_tim.o(i.TIM_SetCompare1)
    i.TIM_SetCompare3                        0x08000ffc   Section        0  stm32f10x_tim.o(i.TIM_SetCompare3)
    i.TIM_SetCompare4                        0x08001000   Section        0  stm32f10x_tim.o(i.TIM_SetCompare4)
    i.TIM_SetCounter                         0x08001006   Section        0  stm32f10x_tim.o(i.TIM_SetCounter)
    i.TIM_SetIC1Prescaler                    0x0800100a   Section        0  stm32f10x_tim.o(i.TIM_SetIC1Prescaler)
    i.TIM_SetIC2Prescaler                    0x0800101c   Section        0  stm32f10x_tim.o(i.TIM_SetIC2Prescaler)
    i.TIM_SetIC3Prescaler                    0x08001036   Section        0  stm32f10x_tim.o(i.TIM_SetIC3Prescaler)
    i.TIM_SetIC4Prescaler                    0x08001048   Section        0  stm32f10x_tim.o(i.TIM_SetIC4Prescaler)
    i.TIM_TimeBaseInit                       0x08001064   Section        0  stm32f10x_tim.o(i.TIM_TimeBaseInit)
    i.USART2_IRQHandler                      0x08001108   Section        0  bluetooth.o(i.USART2_IRQHandler)
    i.USART_ClearITPendingBit                0x08001164   Section        0  stm32f10x_usart.o(i.USART_ClearITPendingBit)
    i.USART_Cmd                              0x08001182   Section        0  stm32f10x_usart.o(i.USART_Cmd)
    i.USART_GetITStatus                      0x0800119a   Section        0  stm32f10x_usart.o(i.USART_GetITStatus)
    i.USART_ITConfig                         0x080011ee   Section        0  stm32f10x_usart.o(i.USART_ITConfig)
    i.USART_Init                             0x08001238   Section        0  stm32f10x_usart.o(i.USART_Init)
    i.USART_ReceiveData                      0x08001310   Section        0  stm32f10x_usart.o(i.USART_ReceiveData)
    i.UsageFault_Handler                     0x0800131a   Section        0  stm32f10x_it.o(i.UsageFault_Handler)
    i.all_init                               0x0800131e   Section        0  main.o(i.all_init)
    i.black_follow_all                       0x0800134a   Section        0  blackfollower.o(i.black_follow_all)
    i.black_follow_left                      0x08001394   Section        0  blackfollower.o(i.black_follow_left)
    i.black_follow_right                     0x080013ac   Section        0  blackfollower.o(i.black_follow_right)
    i.blackfollower_init                     0x080013c4   Section        0  blackfollower.o(i.blackfollower_init)
    i.blue_command                           0x08001414   Section        0  main.o(i.blue_command)
    i.car_back                               0x08001810   Section        0  pwm.o(i.car_back)
    i.car_brake                              0x08001840   Section        0  pwm.o(i.car_brake)
    i.car_left                               0x08001868   Section        0  pwm.o(i.car_left)
    i.car_right                              0x08001894   Section        0  pwm.o(i.car_right)
    i.car_run                                0x080018c0   Section        0  pwm.o(i.car_run)
    i.car_spin_left                          0x080018ec   Section        0  pwm.o(i.car_spin_left)
    i.car_spin_right                         0x0800191c   Section        0  pwm.o(i.car_spin_right)
    i.delay_ms                               0x0800194c   Section        0  delay.o(i.delay_ms)
    i.delay_us                               0x08001964   Section        0  delay.o(i.delay_us)
    i.front_detection                        0x08001994   Section        0  turn.o(i.front_detection)
    i.iravoid_check                          0x080019ac   Section        0  iravoid.o(i.iravoid_check)
    i.iravoid_left                           0x08001a14   Section        0  iravoid.o(i.iravoid_left)
    i.iravoid_right                          0x08001a2c   Section        0  iravoid.o(i.iravoid_right)
    i.left_detection                         0x08001a40   Section        0  turn.o(i.left_detection)
    i.main                                   0x08001a5c   Section        0  main.o(i.main)
    i.measure_micro                          0x08001a78   Section        0  microsonic.o(i.measure_micro)
    i.microsonic_check                       0x08001ab4   Section        0  turn.o(i.microsonic_check)
    i.microsonic_init                        0x08001b2c   Section        0  microsonic.o(i.microsonic_init)
    i.pwm_init                               0x08001bec   Section        0  pwm.o(i.pwm_init)
    i.remote_init                            0x08001cd4   Section        0  remote.o(i.remote_init)
    i.right_detection                        0x08001d88   Section        0  turn.o(i.right_detection)
    i.set_angle                              0x08001da4   Section        0  turn.o(i.set_angle)
    i.set_speed_left                         0x08001e04   Section        0  pwm.o(i.set_speed_left)
    i.set_speed_right                        0x08001e1c   Section        0  pwm.o(i.set_speed_right)
    i.tele_command                           0x08001e34   Section        0  main.o(i.tele_command)
    i.telecontrol                            0x0800206c   Section        0  remote.o(i.telecontrol)
    i.tim3_init                              0x080020d4   Section        0  bluetooth.o(i.tim3_init)
    i.turn_init                              0x08002128   Section        0  turn.o(i.turn_init)
    i.usart_init                             0x080021a4   Section        0  bluetooth.o(i.usart_init)
    x$fpl$d2f                                0x08002250   Section       98  d2f.o(x$fpl$d2f)
    x$fpl$dadd                               0x080022b4   Section      336  daddsub_clz.o(x$fpl$dadd)
    _dadd1                                   0x080022c5   Thumb Code     0  daddsub_clz.o(x$fpl$dadd)
    x$fpl$ddiv                               0x08002404   Section      688  ddiv.o(x$fpl$ddiv)
    ddiv_entry                               0x0800240b   Thumb Code     0  ddiv.o(x$fpl$ddiv)
    x$fpl$dfixu                              0x080026b4   Section       90  dfixu.o(x$fpl$dfixu)
    x$fpl$dflt                               0x0800270e   Section       46  dflt_clz.o(x$fpl$dflt)
    x$fpl$dmul                               0x0800273c   Section      340  dmul.o(x$fpl$dmul)
    x$fpl$dnaninf                            0x08002890   Section      156  dnaninf.o(x$fpl$dnaninf)
    x$fpl$dretinf                            0x0800292c   Section       12  dretinf.o(x$fpl$dretinf)
    x$fpl$dsub                               0x08002938   Section      468  daddsub_clz.o(x$fpl$dsub)
    _dsub1                                   0x08002949   Thumb Code     0  daddsub_clz.o(x$fpl$dsub)
    x$fpl$f2d                                0x08002b0c   Section       86  f2d.o(x$fpl$f2d)
    x$fpl$ffix                               0x08002b64   Section       54  ffix.o(x$fpl$ffix)
    x$fpl$ffixu                              0x08002b9c   Section       62  ffixu.o(x$fpl$ffixu)
    x$fpl$ffltu                              0x08002bdc   Section       38  fflt_clz.o(x$fpl$ffltu)
    x$fpl$fmul                               0x08002c04   Section      258  fmul.o(x$fpl$fmul)
    x$fpl$fnaninf                            0x08002d06   Section      140  fnaninf.o(x$fpl$fnaninf)
    x$fpl$fretinf                            0x08002d92   Section       10  fretinf.o(x$fpl$fretinf)
    x$fpl$usenofp                            0x08002d9c   Section        0  usenofp.o(x$fpl$usenofp)
    .data                                    0x20000000   Section       12  main.o(.data)
    .data                                    0x2000000c   Section       20  stm32f10x_rcc.o(.data)
    APBAHBPrescTable                         0x2000000c   Data          16  stm32f10x_rcc.o(.data)
    ADCPrescTable                            0x2000001c   Data           4  stm32f10x_rcc.o(.data)
    .data                                    0x20000020   Section        9  remote.o(.data)
    .data                                    0x2000002c   Section        4  microsonic.o(.data)
    .data                                    0x20000030   Section        3  bluetooth.o(.data)
    .bss                                     0x20000038   Section      400  bluetooth.o(.bss)
    .bss                                     0x200001c8   Section       96  libspace.o(.bss)
    HEAP                                     0x20000228   Section      512  startup_stm32f10x_hd.o(HEAP)
    Heap_Mem                                 0x20000228   Data         512  startup_stm32f10x_hd.o(HEAP)
    STACK                                    0x20000428   Section     1024  startup_stm32f10x_hd.o(STACK)
    Stack_Mem                                0x20000428   Data        1024  startup_stm32f10x_hd.o(STACK)
    __initial_sp                             0x20000828   Data           0  startup_stm32f10x_hd.o(STACK)

    Global Symbols

    Symbol Name                              Value     Ov Type        Size  Object(Section)

    BuildAttributes$$THM_ISAv4$P$D$K$B$S$PE$A:L22UL41UL21$X:L11$S22US41US21$IEEE1$IW$USESV6$~STKCKD$USESV7$~SHL$OSPACE$ROPI$EBA8$UX$STANDARDLIB$REQ8$PRES8$EABIv2 0x00000000   Number         0  anon$$obj.o ABSOLUTE
    __ARM_use_no_argv                        0x00000000   Number         0  main.o ABSOLUTE
    __ARM_exceptions_init                     - Undefined Weak Reference
    __alloca_initialize                       - Undefined Weak Reference
    __arm_preinit_                            - Undefined Weak Reference
    __cpp_initialize__aeabi_                  - Undefined Weak Reference
    __cxa_finalize                            - Undefined Weak Reference
    __rt_locale                               - Undefined Weak Reference
    __sigvec_lookup                           - Undefined Weak Reference
    _atexit_init                              - Undefined Weak Reference
    _call_atexit_fns                          - Undefined Weak Reference
    _clock_init                               - Undefined Weak Reference
    _fp_trap_init                             - Undefined Weak Reference
    _fp_trap_shutdown                         - Undefined Weak Reference
    _get_lc_collate                           - Undefined Weak Reference
    _get_lc_ctype                             - Undefined Weak Reference
    _get_lc_monetary                          - Undefined Weak Reference
    _get_lc_numeric                           - Undefined Weak Reference
    _get_lc_time                              - Undefined Weak Reference
    _getenv_init                              - Undefined Weak Reference
    _handle_redirection                       - Undefined Weak Reference
    _init_alloc                               - Undefined Weak Reference
    _init_user_alloc                          - Undefined Weak Reference
    _initio                                   - Undefined Weak Reference
    _rand_init                                - Undefined Weak Reference
    _signal_finish                            - Undefined Weak Reference
    _signal_init                              - Undefined Weak Reference
    _terminate_alloc                          - Undefined Weak Reference
    _terminate_user_alloc                     - Undefined Weak Reference
    _terminateio                              - Undefined Weak Reference
    __Vectors_Size                           0x00000130   Number         0  startup_stm32f10x_hd.o ABSOLUTE
    __Vectors                                0x08000000   Data           4  startup_stm32f10x_hd.o(RESET)
    __Vectors_End                            0x08000130   Data           0  startup_stm32f10x_hd.o(RESET)
    __main                                   0x08000131   Thumb Code     8  __main.o(!!!main)
    __scatterload                            0x08000139   Thumb Code     0  __scatter.o(!!!scatter)
    __scatterload_rt2                        0x08000139   Thumb Code    44  __scatter.o(!!!scatter)
    __scatterload_rt2_thumb_only             0x08000139   Thumb Code     0  __scatter.o(!!!scatter)
    __scatterload_null                       0x08000147   Thumb Code     0  __scatter.o(!!!scatter)
    __scatterload_copy                       0x0800016d   Thumb Code    26  __scatter_copy.o(!!handler_copy)
    __scatterload_zeroinit                   0x08000189   Thumb Code    28  __scatter_zi.o(!!handler_zi)
    __rt_lib_init                            0x080001a5   Thumb Code     0  libinit.o(.ARM.Collect$$libinit$$00000000)
    __rt_lib_init_alloca_1                   0x080001a7   Thumb Code     0  libinit2.o(.ARM.Collect$$libinit$$0000002E)
    __rt_lib_init_argv_1                     0x080001a7   Thumb Code     0  libinit2.o(.ARM.Collect$$libinit$$0000002C)
    __rt_lib_init_atexit_1                   0x080001a7   Thumb Code     0  libinit2.o(.ARM.Collect$$libinit$$0000001B)
    __rt_lib_init_clock_1                    0x080001a7   Thumb Code     0  libinit2.o(.ARM.Collect$$libinit$$00000021)
    __rt_lib_init_cpp_1                      0x080001a7   Thumb Code     0  libinit2.o(.ARM.Collect$$libinit$$00000032)
    __rt_lib_init_exceptions_1               0x080001a7   Thumb Code     0  libinit2.o(.ARM.Collect$$libinit$$00000030)
    __rt_lib_init_fp_1                       0x080001a7   Thumb Code     0  libinit2.o(.ARM.Collect$$libinit$$00000002)
    __rt_lib_init_fp_trap_1                  0x080001a7   Thumb Code     0  libinit2.o(.ARM.Collect$$libinit$$0000001F)
    __rt_lib_init_getenv_1                   0x080001a7   Thumb Code     0  libinit2.o(.ARM.Collect$$libinit$$00000023)
    __rt_lib_init_heap_1                     0x080001a7   Thumb Code     0  libinit2.o(.ARM.Collect$$libinit$$0000000A)
    __rt_lib_init_lc_collate_1               0x080001a7   Thumb Code     0  libinit2.o(.ARM.Collect$$libinit$$00000011)
    __rt_lib_init_lc_ctype_1                 0x080001a7   Thumb Code     0  libinit2.o(.ARM.Collect$$libinit$$00000013)
    __rt_lib_init_lc_monetary_1              0x080001a7   Thumb Code     0  libinit2.o(.ARM.Collect$$libinit$$00000015)
    __rt_lib_init_lc_numeric_1               0x080001a7   Thumb Code     0  libinit2.o(.ARM.Collect$$libinit$$00000017)
    __rt_lib_init_lc_time_1                  0x080001a7   Thumb Code     0  libinit2.o(.ARM.Collect$$libinit$$00000019)
    __rt_lib_init_preinit_1                  0x080001a7   Thumb Code     0  libinit2.o(.ARM.Collect$$libinit$$00000004)
    __rt_lib_init_rand_1                     0x080001a7   Thumb Code     0  libinit2.o(.ARM.Collect$$libinit$$0000000E)
    __rt_lib_init_return                     0x080001a7   Thumb Code     0  libinit2.o(.ARM.Collect$$libinit$$00000033)
    __rt_lib_init_signal_1                   0x080001a7   Thumb Code     0  libinit2.o(.ARM.Collect$$libinit$$0000001D)
    __rt_lib_init_stdio_1                    0x080001a7   Thumb Code     0  libinit2.o(.ARM.Collect$$libinit$$00000025)
    __rt_lib_init_user_alloc_1               0x080001a7   Thumb Code     0  libinit2.o(.ARM.Collect$$libinit$$0000000C)
    __rt_lib_shutdown                        0x080001a9   Thumb Code     0  libshutdown.o(.ARM.Collect$$libshutdown$$00000000)
    __rt_lib_shutdown_cpp_1                  0x080001ab   Thumb Code     0  libshutdown2.o(.ARM.Collect$$libshutdown$$00000002)
    __rt_lib_shutdown_fp_trap_1              0x080001ab   Thumb Code     0  libshutdown2.o(.ARM.Collect$$libshutdown$$00000007)
    __rt_lib_shutdown_heap_1                 0x080001ab   Thumb Code     0  libshutdown2.o(.ARM.Collect$$libshutdown$$0000000F)
    __rt_lib_shutdown_return                 0x080001ab   Thumb Code     0  libshutdown2.o(.ARM.Collect$$libshutdown$$00000010)
    __rt_lib_shutdown_signal_1               0x080001ab   Thumb Code     0  libshutdown2.o(.ARM.Collect$$libshutdown$$0000000A)
    __rt_lib_shutdown_stdio_1                0x080001ab   Thumb Code     0  libshutdown2.o(.ARM.Collect$$libshutdown$$00000004)
    __rt_lib_shutdown_user_alloc_1           0x080001ab   Thumb Code     0  libshutdown2.o(.ARM.Collect$$libshutdown$$0000000C)
    __rt_entry                               0x080001ad   Thumb Code     0  __rtentry.o(.ARM.Collect$$rtentry$$00000000)
    __rt_entry_presh_1                       0x080001ad   Thumb Code     0  __rtentry2.o(.ARM.Collect$$rtentry$$00000002)
    __rt_entry_sh                            0x080001ad   Thumb Code     0  __rtentry4.o(.ARM.Collect$$rtentry$$00000004)
    __rt_entry_li                            0x080001b3   Thumb Code     0  __rtentry2.o(.ARM.Collect$$rtentry$$0000000A)
    __rt_entry_postsh_1                      0x080001b3   Thumb Code     0  __rtentry2.o(.ARM.Collect$$rtentry$$00000009)
    __rt_entry_main                          0x080001b7   Thumb Code     0  __rtentry2.o(.ARM.Collect$$rtentry$$0000000D)
    __rt_entry_postli_1                      0x080001b7   Thumb Code     0  __rtentry2.o(.ARM.Collect$$rtentry$$0000000C)
    __rt_exit                                0x080001bf   Thumb Code     0  rtexit.o(.ARM.Collect$$rtexit$$00000000)
    __rt_exit_ls                             0x080001c1   Thumb Code     0  rtexit2.o(.ARM.Collect$$rtexit$$00000003)
    __rt_exit_prels_1                        0x080001c1   Thumb Code     0  rtexit2.o(.ARM.Collect$$rtexit$$00000002)
    __rt_exit_exit                           0x080001c5   Thumb Code     0  rtexit2.o(.ARM.Collect$$rtexit$$00000004)
    Reset_Handler                            0x080001cd   Thumb Code     8  startup_stm32f10x_hd.o(.text)
    ADC1_2_IRQHandler                        0x080001e7   Thumb Code     0  startup_stm32f10x_hd.o(.text)
    ADC3_IRQHandler                          0x080001e7   Thumb Code     0  startup_stm32f10x_hd.o(.text)
    CAN1_RX1_IRQHandler                      0x080001e7   Thumb Code     0  startup_stm32f10x_hd.o(.text)
    CAN1_SCE_IRQHandler                      0x080001e7   Thumb Code     0  startup_stm32f10x_hd.o(.text)
    DMA1_Channel1_IRQHandler                 0x080001e7   Thumb Code     0  startup_stm32f10x_hd.o(.text)
    DMA1_Channel2_IRQHandler                 0x080001e7   Thumb Code     0  startup_stm32f10x_hd.o(.text)
    DMA1_Channel3_IRQHandler                 0x080001e7   Thumb Code     0  startup_stm32f10x_hd.o(.text)
    DMA1_Channel4_IRQHandler                 0x080001e7   Thumb Code     0  startup_stm32f10x_hd.o(.text)
    DMA1_Channel5_IRQHandler                 0x080001e7   Thumb Code     0  startup_stm32f10x_hd.o(.text)
    DMA1_Channel6_IRQHandler                 0x080001e7   Thumb Code     0  startup_stm32f10x_hd.o(.text)
    DMA1_Channel7_IRQHandler                 0x080001e7   Thumb Code     0  startup_stm32f10x_hd.o(.text)
    DMA2_Channel1_IRQHandler                 0x080001e7   Thumb Code     0  startup_stm32f10x_hd.o(.text)
    DMA2_Channel2_IRQHandler                 0x080001e7   Thumb Code     0  startup_stm32f10x_hd.o(.text)
    DMA2_Channel3_IRQHandler                 0x080001e7   Thumb Code     0  startup_stm32f10x_hd.o(.text)
    DMA2_Channel4_5_IRQHandler               0x080001e7   Thumb Code     0  startup_stm32f10x_hd.o(.text)
    EXTI0_IRQHandler                         0x080001e7   Thumb Code     0  startup_stm32f10x_hd.o(.text)
    EXTI15_10_IRQHandler                     0x080001e7   Thumb Code     0  startup_stm32f10x_hd.o(.text)
    EXTI2_IRQHandler                         0x080001e7   Thumb Code     0  startup_stm32f10x_hd.o(.text)
    EXTI3_IRQHandler                         0x080001e7   Thumb Code     0  startup_stm32f10x_hd.o(.text)
    EXTI4_IRQHandler                         0x080001e7   Thumb Code     0  startup_stm32f10x_hd.o(.text)
    EXTI9_5_IRQHandler                       0x080001e7   Thumb Code     0  startup_stm32f10x_hd.o(.text)
    FLASH_IRQHandler                         0x080001e7   Thumb Code     0  startup_stm32f10x_hd.o(.text)
    FSMC_IRQHandler                          0x080001e7   Thumb Code     0  startup_stm32f10x_hd.o(.text)
    I2C1_ER_IRQHandler                       0x080001e7   Thumb Code     0  startup_stm32f10x_hd.o(.text)
    I2C1_EV_IRQHandler                       0x080001e7   Thumb Code     0  startup_stm32f10x_hd.o(.text)
    I2C2_ER_IRQHandler                       0x080001e7   Thumb Code     0  startup_stm32f10x_hd.o(.text)
    I2C2_EV_IRQHandler                       0x080001e7   Thumb Code     0  startup_stm32f10x_hd.o(.text)
    PVD_IRQHandler                           0x080001e7   Thumb Code     0  startup_stm32f10x_hd.o(.text)
    RCC_IRQHandler                           0x080001e7   Thumb Code     0  startup_stm32f10x_hd.o(.text)
    RTCAlarm_IRQHandler                      0x080001e7   Thumb Code     0  startup_stm32f10x_hd.o(.text)
    RTC_IRQHandler                           0x080001e7   Thumb Code     0  startup_stm32f10x_hd.o(.text)
    SDIO_IRQHandler                          0x080001e7   Thumb Code     0  startup_stm32f10x_hd.o(.text)
    SPI1_IRQHandler                          0x080001e7   Thumb Code     0  startup_stm32f10x_hd.o(.text)
    SPI2_IRQHandler                          0x080001e7   Thumb Code     0  startup_stm32f10x_hd.o(.text)
    SPI3_IRQHandler                          0x080001e7   Thumb Code     0  startup_stm32f10x_hd.o(.text)
    TAMPER_IRQHandler                        0x080001e7   Thumb Code     0  startup_stm32f10x_hd.o(.text)
    TIM1_BRK_IRQHandler                      0x080001e7   Thumb Code     0  startup_stm32f10x_hd.o(.text)
    TIM1_CC_IRQHandler                       0x080001e7   Thumb Code     0  startup_stm32f10x_hd.o(.text)
    TIM1_TRG_COM_IRQHandler                  0x080001e7   Thumb Code     0  startup_stm32f10x_hd.o(.text)
    TIM1_UP_IRQHandler                       0x080001e7   Thumb Code     0  startup_stm32f10x_hd.o(.text)
    TIM4_IRQHandler                          0x080001e7   Thumb Code     0  startup_stm32f10x_hd.o(.text)
    TIM5_IRQHandler                          0x080001e7   Thumb Code     0  startup_stm32f10x_hd.o(.text)
    TIM6_IRQHandler                          0x080001e7   Thumb Code     0  startup_stm32f10x_hd.o(.text)
    TIM7_IRQHandler                          0x080001e7   Thumb Code     0  startup_stm32f10x_hd.o(.text)
    TIM8_BRK_IRQHandler                      0x080001e7   Thumb Code     0  startup_stm32f10x_hd.o(.text)
    TIM8_CC_IRQHandler                       0x080001e7   Thumb Code     0  startup_stm32f10x_hd.o(.text)
    TIM8_TRG_COM_IRQHandler                  0x080001e7   Thumb Code     0  startup_stm32f10x_hd.o(.text)
    TIM8_UP_IRQHandler                       0x080001e7   Thumb Code     0  startup_stm32f10x_hd.o(.text)
    UART4_IRQHandler                         0x080001e7   Thumb Code     0  startup_stm32f10x_hd.o(.text)
    UART5_IRQHandler                         0x080001e7   Thumb Code     0  startup_stm32f10x_hd.o(.text)
    USART1_IRQHandler                        0x080001e7   Thumb Code     0  startup_stm32f10x_hd.o(.text)
    USART3_IRQHandler                        0x080001e7   Thumb Code     0  startup_stm32f10x_hd.o(.text)
    USBWakeUp_IRQHandler                     0x080001e7   Thumb Code     0  startup_stm32f10x_hd.o(.text)
    USB_HP_CAN1_TX_IRQHandler                0x080001e7   Thumb Code     0  startup_stm32f10x_hd.o(.text)
    USB_LP_CAN1_RX0_IRQHandler               0x080001e7   Thumb Code     0  startup_stm32f10x_hd.o(.text)
    WWDG_IRQHandler                          0x080001e7   Thumb Code     0  startup_stm32f10x_hd.o(.text)
    __user_initial_stackheap                 0x080001e9   Thumb Code     0  startup_stm32f10x_hd.o(.text)
    strcmp                                   0x0800020d   Thumb Code   128  strcmpv7m.o(.text)
    __use_two_region_memory                  0x0800028d   Thumb Code     2  heapauxi.o(.text)
    __rt_heap_escrow$2region                 0x0800028f   Thumb Code     2  heapauxi.o(.text)
    __rt_heap_expand$2region                 0x08000291   Thumb Code     2  heapauxi.o(.text)
    __user_setup_stackheap                   0x08000293   Thumb Code    74  sys_stackheap_outer.o(.text)
    exit                                     0x080002dd   Thumb Code    18  exit.o(.text)
    __user_libspace                          0x080002f1   Thumb Code     8  libspace.o(.text)
    __user_perproc_libspace                  0x080002f1   Thumb Code     0  libspace.o(.text)
    __user_perthread_libspace                0x080002f1   Thumb Code     0  libspace.o(.text)
    _sys_exit                                0x080002f9   Thumb Code     8  sys_exit.o(.text)
    __I$use$semihosting                      0x08000305   Thumb Code     0  use_no_semi.o(.text)
    __use_no_semihosting_swi                 0x08000305   Thumb Code     2  use_no_semi.o(.text)
    BusFault_Handler                         0x08000307   Thumb Code     4  stm32f10x_it.o(i.BusFault_Handler)
    __semihosting_library_function           0x08000307   Thumb Code     0  indicate_semi.o(.text)
    DebugMon_Handler                         0x0800030b   Thumb Code     2  stm32f10x_it.o(i.DebugMon_Handler)
    EXTI1_IRQHandler                         0x0800030d   Thumb Code    98  microsonic.o(i.EXTI1_IRQHandler)
    EXTI_ClearITPendingBit                   0x08000381   Thumb Code     6  stm32f10x_exti.o(i.EXTI_ClearITPendingBit)
    EXTI_GetITStatus                         0x0800038d   Thumb Code    34  stm32f10x_exti.o(i.EXTI_GetITStatus)
    EXTI_Init                                0x080003b5   Thumb Code   142  stm32f10x_exti.o(i.EXTI_Init)
    GPIO_EXTILineConfig                      0x08000449   Thumb Code    60  stm32f10x_gpio.o(i.GPIO_EXTILineConfig)
    GPIO_Init                                0x08000489   Thumb Code   278  stm32f10x_gpio.o(i.GPIO_Init)
    GPIO_ReadInputDataBit                    0x0800059f   Thumb Code    18  stm32f10x_gpio.o(i.GPIO_ReadInputDataBit)
    GPIO_ResetBits                           0x080005b1   Thumb Code     4  stm32f10x_gpio.o(i.GPIO_ResetBits)
    GPIO_SetBits                             0x080005b5   Thumb Code     4  stm32f10x_gpio.o(i.GPIO_SetBits)
    HardFault_Handler                        0x080005b9   Thumb Code     4  stm32f10x_it.o(i.HardFault_Handler)
    IRAvoid_Init                             0x080005bd   Thumb Code    74  iravoid.o(i.IRAvoid_Init)
    MemManage_Handler                        0x08000611   Thumb Code     4  stm32f10x_it.o(i.MemManage_Handler)
    NMI_Handler                              0x08000615   Thumb Code     2  stm32f10x_it.o(i.NMI_Handler)
    NVIC_Init                                0x08000619   Thumb Code   100  misc.o(i.NVIC_Init)
    NVIC_PriorityGroupConfig                 0x08000689   Thumb Code    10  misc.o(i.NVIC_PriorityGroupConfig)
    PendSV_Handler                           0x0800069d   Thumb Code     2  stm32f10x_it.o(i.PendSV_Handler)
    RCC_APB1PeriphClockCmd                   0x080006a1   Thumb Code    26  stm32f10x_rcc.o(i.RCC_APB1PeriphClockCmd)
    RCC_APB2PeriphClockCmd                   0x080006c1   Thumb Code    26  stm32f10x_rcc.o(i.RCC_APB2PeriphClockCmd)
    RCC_GetClocksFreq                        0x080006e1   Thumb Code   192  stm32f10x_rcc.o(i.RCC_GetClocksFreq)
    SVC_Handler                              0x080007b5   Thumb Code     2  stm32f10x_it.o(i.SVC_Handler)
    SysTick_Handler                          0x080008a1   Thumb Code     2  stm32f10x_it.o(i.SysTick_Handler)
    SystemInit                               0x080008a5   Thumb Code    78  system_stm32f10x.o(i.SystemInit)
    TIM2_IRQHandler                          0x08000b45   Thumb Code   390  remote.o(i.TIM2_IRQHandler)
    TIM3_IRQHandler                          0x08000ce1   Thumb Code    42  bluetooth.o(i.TIM3_IRQHandler)
    TIM_ClearFlag                            0x08000d15   Thumb Code     6  stm32f10x_tim.o(i.TIM_ClearFlag)
    TIM_ClearITPendingBit                    0x08000d1b   Thumb Code     6  stm32f10x_tim.o(i.TIM_ClearITPendingBit)
    TIM_Cmd                                  0x08000d21   Thumb Code    24  stm32f10x_tim.o(i.TIM_Cmd)
    TIM_GetCapture2                          0x08000d39   Thumb Code     6  stm32f10x_tim.o(i.TIM_GetCapture2)
    TIM_GetCounter                           0x08000d3f   Thumb Code     6  stm32f10x_tim.o(i.TIM_GetCounter)
    TIM_GetITStatus                          0x08000d45   Thumb Code    34  stm32f10x_tim.o(i.TIM_GetITStatus)
    TIM_ICInit                               0x08000d69   Thumb Code   150  stm32f10x_tim.o(i.TIM_ICInit)
    TIM_ITConfig                             0x08000e15   Thumb Code    18  stm32f10x_tim.o(i.TIM_ITConfig)
    TIM_OC1Init                              0x08000e29   Thumb Code   132  stm32f10x_tim.o(i.TIM_OC1Init)
    TIM_OC2PolarityConfig                    0x08000ec1   Thumb Code    26  stm32f10x_tim.o(i.TIM_OC2PolarityConfig)
    TIM_OC3Init                              0x08000edd   Thumb Code   150  stm32f10x_tim.o(i.TIM_OC3Init)
    TIM_OC4Init                              0x08000f7d   Thumb Code   114  stm32f10x_tim.o(i.TIM_OC4Init)
    TIM_SetCompare1                          0x08000ff9   Thumb Code     4  stm32f10x_tim.o(i.TIM_SetCompare1)
    TIM_SetCompare3                          0x08000ffd   Thumb Code     4  stm32f10x_tim.o(i.TIM_SetCompare3)
    TIM_SetCompare4                          0x08001001   Thumb Code     6  stm32f10x_tim.o(i.TIM_SetCompare4)
    TIM_SetCounter                           0x08001007   Thumb Code     4  stm32f10x_tim.o(i.TIM_SetCounter)
    TIM_SetIC1Prescaler                      0x0800100b   Thumb Code    18  stm32f10x_tim.o(i.TIM_SetIC1Prescaler)
    TIM_SetIC2Prescaler                      0x0800101d   Thumb Code    26  stm32f10x_tim.o(i.TIM_SetIC2Prescaler)
    TIM_SetIC3Prescaler                      0x08001037   Thumb Code    18  stm32f10x_tim.o(i.TIM_SetIC3Prescaler)
    TIM_SetIC4Prescaler                      0x08001049   Thumb Code    26  stm32f10x_tim.o(i.TIM_SetIC4Prescaler)
    TIM_TimeBaseInit                         0x08001065   Thumb Code   122  stm32f10x_tim.o(i.TIM_TimeBaseInit)
    USART2_IRQHandler                        0x08001109   Thumb Code    74  bluetooth.o(i.USART2_IRQHandler)
    USART_ClearITPendingBit                  0x08001165   Thumb Code    30  stm32f10x_usart.o(i.USART_ClearITPendingBit)
    USART_Cmd                                0x08001183   Thumb Code    24  stm32f10x_usart.o(i.USART_Cmd)
    USART_GetITStatus                        0x0800119b   Thumb Code    84  stm32f10x_usart.o(i.USART_GetITStatus)
    USART_ITConfig                           0x080011ef   Thumb Code    74  stm32f10x_usart.o(i.USART_ITConfig)
    USART_Init                               0x08001239   Thumb Code   210  stm32f10x_usart.o(i.USART_Init)
    USART_ReceiveData                        0x08001311   Thumb Code    10  stm32f10x_usart.o(i.USART_ReceiveData)
    UsageFault_Handler                       0x0800131b   Thumb Code     4  stm32f10x_it.o(i.UsageFault_Handler)
    all_init                                 0x0800131f   Thumb Code    44  main.o(i.all_init)
    black_follow_all                         0x0800134b   Thumb Code    74  blackfollower.o(i.black_follow_all)
    black_follow_left                        0x08001395   Thumb Code    20  blackfollower.o(i.black_follow_left)
    black_follow_right                       0x080013ad   Thumb Code    20  blackfollower.o(i.black_follow_right)
    blackfollower_init                       0x080013c5   Thumb Code    72  blackfollower.o(i.blackfollower_init)
    blue_command                             0x08001415   Thumb Code   954  main.o(i.blue_command)
    car_back                                 0x08001811   Thumb Code    40  pwm.o(i.car_back)
    car_brake                                0x08001841   Thumb Code    32  pwm.o(i.car_brake)
    car_left                                 0x08001869   Thumb Code    34  pwm.o(i.car_left)
    car_right                                0x08001895   Thumb Code    34  pwm.o(i.car_right)
    car_run                                  0x080018c1   Thumb Code    34  pwm.o(i.car_run)
    car_spin_left                            0x080018ed   Thumb Code    40  pwm.o(i.car_spin_left)
    car_spin_right                           0x0800191d   Thumb Code    40  pwm.o(i.car_spin_right)
    delay_ms                                 0x0800194d   Thumb Code    24  delay.o(i.delay_ms)
    delay_us                                 0x08001965   Thumb Code    46  delay.o(i.delay_us)
    front_detection                          0x08001995   Thumb Code    20  turn.o(i.front_detection)
    iravoid_check                            0x080019ad   Thumb Code   102  iravoid.o(i.iravoid_check)
    iravoid_left                             0x08001a15   Thumb Code    18  iravoid.o(i.iravoid_left)
    iravoid_right                            0x08001a2d   Thumb Code    16  iravoid.o(i.iravoid_right)
    left_detection                           0x08001a41   Thumb Code    22  turn.o(i.left_detection)
    main                                     0x08001a5d   Thumb Code    26  main.o(i.main)
    measure_micro                            0x08001a79   Thumb Code    46  microsonic.o(i.measure_micro)
    microsonic_check                         0x08001ab5   Thumb Code   120  turn.o(i.microsonic_check)
    microsonic_init                          0x08001b2d   Thumb Code   182  microsonic.o(i.microsonic_init)
    pwm_init                                 0x08001bed   Thumb Code   218  pwm.o(i.pwm_init)
    remote_init                              0x08001cd5   Thumb Code   174  remote.o(i.remote_init)
    right_detection                          0x08001d89   Thumb Code    22  turn.o(i.right_detection)
    set_angle                                0x08001da5   Thumb Code    78  turn.o(i.set_angle)
    set_speed_left                           0x08001e05   Thumb Code    20  pwm.o(i.set_speed_left)
    set_speed_right                          0x08001e1d   Thumb Code    20  pwm.o(i.set_speed_right)
    tele_command                             0x08001e35   Thumb Code   558  main.o(i.tele_command)
    telecontrol                              0x0800206d   Thumb Code    92  remote.o(i.telecontrol)
    tim3_init                                0x080020d5   Thumb Code    80  bluetooth.o(i.tim3_init)
    turn_init                                0x08002129   Thumb Code   116  turn.o(i.turn_init)
    usart_init                               0x080021a5   Thumb Code   164  bluetooth.o(i.usart_init)
    __aeabi_d2f                              0x08002251   Thumb Code     0  d2f.o(x$fpl$d2f)
    _d2f                                     0x08002251   Thumb Code    98  d2f.o(x$fpl$d2f)
    __aeabi_dadd                             0x080022b5   Thumb Code     0  daddsub_clz.o(x$fpl$dadd)
    _dadd                                    0x080022b5   Thumb Code   332  daddsub_clz.o(x$fpl$dadd)
    __aeabi_ddiv                             0x08002405   Thumb Code     0  ddiv.o(x$fpl$ddiv)
    _ddiv                                    0x08002405   Thumb Code   552  ddiv.o(x$fpl$ddiv)
    __aeabi_d2uiz                            0x080026b5   Thumb Code     0  dfixu.o(x$fpl$dfixu)
    _dfixu                                   0x080026b5   Thumb Code    90  dfixu.o(x$fpl$dfixu)
    __aeabi_i2d                              0x0800270f   Thumb Code     0  dflt_clz.o(x$fpl$dflt)
    _dflt                                    0x0800270f   Thumb Code    46  dflt_clz.o(x$fpl$dflt)
    __aeabi_dmul                             0x0800273d   Thumb Code     0  dmul.o(x$fpl$dmul)
    _dmul                                    0x0800273d   Thumb Code   332  dmul.o(x$fpl$dmul)
    __fpl_dnaninf                            0x08002891   Thumb Code   156  dnaninf.o(x$fpl$dnaninf)
    __fpl_dretinf                            0x0800292d   Thumb Code    12  dretinf.o(x$fpl$dretinf)
    __aeabi_dsub                             0x08002939   Thumb Code     0  daddsub_clz.o(x$fpl$dsub)
    _dsub                                    0x08002939   Thumb Code   464  daddsub_clz.o(x$fpl$dsub)
    __aeabi_f2d                              0x08002b0d   Thumb Code     0  f2d.o(x$fpl$f2d)
    _f2d                                     0x08002b0d   Thumb Code    86  f2d.o(x$fpl$f2d)
    __aeabi_f2iz                             0x08002b65   Thumb Code     0  ffix.o(x$fpl$ffix)
    _ffix                                    0x08002b65   Thumb Code    54  ffix.o(x$fpl$ffix)
    __aeabi_f2uiz                            0x08002b9d   Thumb Code     0  ffixu.o(x$fpl$ffixu)
    _ffixu                                   0x08002b9d   Thumb Code    62  ffixu.o(x$fpl$ffixu)
    __aeabi_ui2f                             0x08002bdd   Thumb Code     0  fflt_clz.o(x$fpl$ffltu)
    _ffltu                                   0x08002bdd   Thumb Code    38  fflt_clz.o(x$fpl$ffltu)
    __aeabi_fmul                             0x08002c05   Thumb Code     0  fmul.o(x$fpl$fmul)
    _fmul                                    0x08002c05   Thumb Code   258  fmul.o(x$fpl$fmul)
    __fpl_fnaninf                            0x08002d07   Thumb Code   140  fnaninf.o(x$fpl$fnaninf)
    __fpl_fretinf                            0x08002d93   Thumb Code    10  fretinf.o(x$fpl$fretinf)
    Region$$Table$$Base                      0x08002d9c   Number         0  anon$$obj.o(Region$$Table)
    __I$use$fp                               0x08002d9c   Number         0  usenofp.o(x$fpl$usenofp)
    Region$$Table$$Limit                     0x08002dbc   Number         0  anon$$obj.o(Region$$Table)
    key                                      0x20000000   Data           1  main.o(.data)
    state_flag                               0x20000004   Data           4  main.o(.data)
    blue_flag                                0x20000008   Data           4  main.o(.data)
    RmtSta                                   0x20000020   Data           1  remote.o(.data)
    Dval                                     0x20000022   Data           2  remote.o(.data)
    RmtRec                                   0x20000024   Data           4  remote.o(.data)
    RmtCnt                                   0x20000028   Data           1  remote.o(.data)
    UltrasonicWave_Distance                  0x2000002c   Data           4  microsonic.o(.data)
    USART2_RX_STA                            0x20000030   Data           2  bluetooth.o(.data)
    reclen                                   0x20000032   Data           1  bluetooth.o(.data)
    USART2_TX_BUF                            0x20000038   Data         200  bluetooth.o(.bss)
    USART2_RX_BUF                            0x20000100   Data         200  bluetooth.o(.bss)
    __libspace_start                         0x200001c8   Data          96  libspace.o(.bss)
    __temporary_stack_top$libspace           0x20000228   Data           0  libspace.o(.bss)



==============================================================================

Memory Map of the image

  Image Entry point : 0x08000131

  Load Region LR_IROM1 (Base: 0x08000000, Size: 0x00002df0, Max: 0x00040000, ABSOLUTE)

    Execution Region ER_IROM1 (Exec base: 0x08000000, Load base: 0x08000000, Size: 0x00002dbc, Max: 0x00040000, ABSOLUTE)

    Exec Addr    Load Addr    Size         Type   Attr      Idx    E Section Name        Object

    0x08000000   0x08000000   0x00000130   Data   RO         3260    RESET               startup_stm32f10x_hd.o
    0x08000130   0x08000130   0x00000008   Code   RO         3701  * !!!main             c_w.l(__main.o)
    0x08000138   0x08000138   0x00000034   Code   RO         3909    !!!scatter          c_w.l(__scatter.o)
    0x0800016c   0x0800016c   0x0000001a   Code   RO         3911    !!handler_copy      c_w.l(__scatter_copy.o)
    0x08000186   0x08000186   0x00000002   PAD
    0x08000188   0x08000188   0x0000001c   Code   RO         3913    !!handler_zi        c_w.l(__scatter_zi.o)
    0x080001a4   0x080001a4   0x00000002   Code   RO         3779    .ARM.Collect$$libinit$$00000000  c_w.l(libinit.o)
    0x080001a6   0x080001a6   0x00000000   Code   RO         3786    .ARM.Collect$$libinit$$00000002  c_w.l(libinit2.o)
    0x080001a6   0x080001a6   0x00000000   Code   RO         3788    .ARM.Collect$$libinit$$00000004  c_w.l(libinit2.o)
    0x080001a6   0x080001a6   0x00000000   Code   RO         3791    .ARM.Collect$$libinit$$0000000A  c_w.l(libinit2.o)
    0x080001a6   0x080001a6   0x00000000   Code   RO         3793    .ARM.Collect$$libinit$$0000000C  c_w.l(libinit2.o)
    0x080001a6   0x080001a6   0x00000000   Code   RO         3795    .ARM.Collect$$libinit$$0000000E  c_w.l(libinit2.o)
    0x080001a6   0x080001a6   0x00000000   Code   RO         3798    .ARM.Collect$$libinit$$00000011  c_w.l(libinit2.o)
    0x080001a6   0x080001a6   0x00000000   Code   RO         3800    .ARM.Collect$$libinit$$00000013  c_w.l(libinit2.o)
    0x080001a6   0x080001a6   0x00000000   Code   RO         3802    .ARM.Collect$$libinit$$00000015  c_w.l(libinit2.o)
    0x080001a6   0x080001a6   0x00000000   Code   RO         3804    .ARM.Collect$$libinit$$00000017  c_w.l(libinit2.o)
    0x080001a6   0x080001a6   0x00000000   Code   RO         3806    .ARM.Collect$$libinit$$00000019  c_w.l(libinit2.o)
    0x080001a6   0x080001a6   0x00000000   Code   RO         3808    .ARM.Collect$$libinit$$0000001B  c_w.l(libinit2.o)
    0x080001a6   0x080001a6   0x00000000   Code   RO         3810    .ARM.Collect$$libinit$$0000001D  c_w.l(libinit2.o)
    0x080001a6   0x080001a6   0x00000000   Code   RO         3812    .ARM.Collect$$libinit$$0000001F  c_w.l(libinit2.o)
    0x080001a6   0x080001a6   0x00000000   Code   RO         3814    .ARM.Collect$$libinit$$00000021  c_w.l(libinit2.o)
    0x080001a6   0x080001a6   0x00000000   Code   RO         3816    .ARM.Collect$$libinit$$00000023  c_w.l(libinit2.o)
    0x080001a6   0x080001a6   0x00000000   Code   RO         3818    .ARM.Collect$$libinit$$00000025  c_w.l(libinit2.o)
    0x080001a6   0x080001a6   0x00000000   Code   RO         3822    .ARM.Collect$$libinit$$0000002C  c_w.l(libinit2.o)
    0x080001a6   0x080001a6   0x00000000   Code   RO         3824    .ARM.Collect$$libinit$$0000002E  c_w.l(libinit2.o)
    0x080001a6   0x080001a6   0x00000000   Code   RO         3826    .ARM.Collect$$libinit$$00000030  c_w.l(libinit2.o)
    0x080001a6   0x080001a6   0x00000000   Code   RO         3828    .ARM.Collect$$libinit$$00000032  c_w.l(libinit2.o)
    0x080001a6   0x080001a6   0x00000002   Code   RO         3829    .ARM.Collect$$libinit$$00000033  c_w.l(libinit2.o)
    0x080001a8   0x080001a8   0x00000002   Code   RO         3849    .ARM.Collect$$libshutdown$$00000000  c_w.l(libshutdown.o)
    0x080001aa   0x080001aa   0x00000000   Code   RO         3862    .ARM.Collect$$libshutdown$$00000002  c_w.l(libshutdown2.o)
    0x080001aa   0x080001aa   0x00000000   Code   RO         3864    .ARM.Collect$$libshutdown$$00000004  c_w.l(libshutdown2.o)
    0x080001aa   0x080001aa   0x00000000   Code   RO         3867    .ARM.Collect$$libshutdown$$00000007  c_w.l(libshutdown2.o)
    0x080001aa   0x080001aa   0x00000000   Code   RO         3870    .ARM.Collect$$libshutdown$$0000000A  c_w.l(libshutdown2.o)
    0x080001aa   0x080001aa   0x00000000   Code   RO         3872    .ARM.Collect$$libshutdown$$0000000C  c_w.l(libshutdown2.o)
    0x080001aa   0x080001aa   0x00000000   Code   RO         3875    .ARM.Collect$$libshutdown$$0000000F  c_w.l(libshutdown2.o)
    0x080001aa   0x080001aa   0x00000002   Code   RO         3876    .ARM.Collect$$libshutdown$$00000010  c_w.l(libshutdown2.o)
    0x080001ac   0x080001ac   0x00000000   Code   RO         3745    .ARM.Collect$$rtentry$$00000000  c_w.l(__rtentry.o)
    0x080001ac   0x080001ac   0x00000000   Code   RO         3756    .ARM.Collect$$rtentry$$00000002  c_w.l(__rtentry2.o)
    0x080001ac   0x080001ac   0x00000006   Code   RO         3768    .ARM.Collect$$rtentry$$00000004  c_w.l(__rtentry4.o)
    0x080001b2   0x080001b2   0x00000000   Code   RO         3758    .ARM.Collect$$rtentry$$00000009  c_w.l(__rtentry2.o)
    0x080001b2   0x080001b2   0x00000004   Code   RO         3759    .ARM.Collect$$rtentry$$0000000A  c_w.l(__rtentry2.o)
    0x080001b6   0x080001b6   0x00000000   Code   RO         3761    .ARM.Collect$$rtentry$$0000000C  c_w.l(__rtentry2.o)
    0x080001b6   0x080001b6   0x00000008   Code   RO         3762    .ARM.Collect$$rtentry$$0000000D  c_w.l(__rtentry2.o)
    0x080001be   0x080001be   0x00000002   Code   RO         3783    .ARM.Collect$$rtexit$$00000000  c_w.l(rtexit.o)
    0x080001c0   0x080001c0   0x00000000   Code   RO         3831    .ARM.Collect$$rtexit$$00000002  c_w.l(rtexit2.o)
    0x080001c0   0x080001c0   0x00000004   Code   RO         3832    .ARM.Collect$$rtexit$$00000003  c_w.l(rtexit2.o)
    0x080001c4   0x080001c4   0x00000006   Code   RO         3833    .ARM.Collect$$rtexit$$00000004  c_w.l(rtexit2.o)
    0x080001ca   0x080001ca   0x00000002   PAD
    0x080001cc   0x080001cc   0x00000040   Code   RO         3261    .text               startup_stm32f10x_hd.o
    0x0800020c   0x0800020c   0x00000080   Code   RO         3697    .text               c_w.l(strcmpv7m.o)
    0x0800028c   0x0800028c   0x00000006   Code   RO         3699    .text               c_w.l(heapauxi.o)
    0x08000292   0x08000292   0x0000004a   Code   RO         3770    .text               c_w.l(sys_stackheap_outer.o)
    0x080002dc   0x080002dc   0x00000012   Code   RO         3772    .text               c_w.l(exit.o)
    0x080002ee   0x080002ee   0x00000002   PAD
    0x080002f0   0x080002f0   0x00000008   Code   RO         3780    .text               c_w.l(libspace.o)
    0x080002f8   0x080002f8   0x0000000c   Code   RO         3841    .text               c_w.l(sys_exit.o)
    0x08000304   0x08000304   0x00000002   Code   RO         3852    .text               c_w.l(use_no_semi.o)
    0x08000306   0x08000306   0x00000000   Code   RO         3854    .text               c_w.l(indicate_semi.o)
    0x08000306   0x08000306   0x00000004   Code   RO          157    i.BusFault_Handler  stm32f10x_it.o
    0x0800030a   0x0800030a   0x00000002   Code   RO          158    i.DebugMon_Handler  stm32f10x_it.o
    0x0800030c   0x0800030c   0x00000074   Code   RO         3548    i.EXTI1_IRQHandler  microsonic.o
    0x08000380   0x08000380   0x0000000c   Code   RO         1078    i.EXTI_ClearITPendingBit  stm32f10x_exti.o
    0x0800038c   0x0800038c   0x00000028   Code   RO         1082    i.EXTI_GetITStatus  stm32f10x_exti.o
    0x080003b4   0x080003b4   0x00000094   Code   RO         1083    i.EXTI_Init         stm32f10x_exti.o
    0x08000448   0x08000448   0x00000040   Code   RO         1428    i.GPIO_EXTILineConfig  stm32f10x_gpio.o
    0x08000488   0x08000488   0x00000116   Code   RO         1431    i.GPIO_Init         stm32f10x_gpio.o
    0x0800059e   0x0800059e   0x00000012   Code   RO         1435    i.GPIO_ReadInputDataBit  stm32f10x_gpio.o
    0x080005b0   0x080005b0   0x00000004   Code   RO         1438    i.GPIO_ResetBits    stm32f10x_gpio.o
    0x080005b4   0x080005b4   0x00000004   Code   RO         1439    i.GPIO_SetBits      stm32f10x_gpio.o
    0x080005b8   0x080005b8   0x00000004   Code   RO          159    i.HardFault_Handler  stm32f10x_it.o
    0x080005bc   0x080005bc   0x00000054   Code   RO         3518    i.IRAvoid_Init      iravoid.o
    0x08000610   0x08000610   0x00000004   Code   RO          160    i.MemManage_Handler  stm32f10x_it.o
    0x08000614   0x08000614   0x00000002   Code   RO          161    i.NMI_Handler       stm32f10x_it.o
    0x08000616   0x08000616   0x00000002   PAD
    0x08000618   0x08000618   0x00000070   Code   RO          254    i.NVIC_Init         misc.o
    0x08000688   0x08000688   0x00000014   Code   RO          255    i.NVIC_PriorityGroupConfig  misc.o
    0x0800069c   0x0800069c   0x00000002   Code   RO          162    i.PendSV_Handler    stm32f10x_it.o
    0x0800069e   0x0800069e   0x00000002   PAD
    0x080006a0   0x080006a0   0x00000020   Code   RO         1847    i.RCC_APB1PeriphClockCmd  stm32f10x_rcc.o
    0x080006c0   0x080006c0   0x00000020   Code   RO         1849    i.RCC_APB2PeriphClockCmd  stm32f10x_rcc.o
    0x080006e0   0x080006e0   0x000000d4   Code   RO         1857    i.RCC_GetClocksFreq  stm32f10x_rcc.o
    0x080007b4   0x080007b4   0x00000002   Code   RO          163    i.SVC_Handler       stm32f10x_it.o
    0x080007b6   0x080007b6   0x00000008   Code   RO          220    i.SetSysClock       system_stm32f10x.o
    0x080007be   0x080007be   0x00000002   PAD
    0x080007c0   0x080007c0   0x000000e0   Code   RO          221    i.SetSysClockTo72   system_stm32f10x.o
    0x080008a0   0x080008a0   0x00000002   Code   RO          164    i.SysTick_Handler   stm32f10x_it.o
    0x080008a2   0x080008a2   0x00000002   PAD
    0x080008a4   0x080008a4   0x00000060   Code   RO          223    i.SystemInit        system_stm32f10x.o
    0x08000904   0x08000904   0x00000080   Code   RO         2465    i.TI1_Config        stm32f10x_tim.o
    0x08000984   0x08000984   0x00000098   Code   RO         2466    i.TI2_Config        stm32f10x_tim.o
    0x08000a1c   0x08000a1c   0x00000090   Code   RO         2467    i.TI3_Config        stm32f10x_tim.o
    0x08000aac   0x08000aac   0x00000098   Code   RO         2468    i.TI4_Config        stm32f10x_tim.o
    0x08000b44   0x08000b44   0x0000019c   Code   RO         3397    i.TIM2_IRQHandler   remote.o
    0x08000ce0   0x08000ce0   0x00000034   Code   RO         3658    i.TIM3_IRQHandler   bluetooth.o
    0x08000d14   0x08000d14   0x00000006   Code   RO         2475    i.TIM_ClearFlag     stm32f10x_tim.o
    0x08000d1a   0x08000d1a   0x00000006   Code   RO         2476    i.TIM_ClearITPendingBit  stm32f10x_tim.o
    0x08000d20   0x08000d20   0x00000018   Code   RO         2481    i.TIM_Cmd           stm32f10x_tim.o
    0x08000d38   0x08000d38   0x00000006   Code   RO         2497    i.TIM_GetCapture2   stm32f10x_tim.o
    0x08000d3e   0x08000d3e   0x00000006   Code   RO         2500    i.TIM_GetCounter    stm32f10x_tim.o
    0x08000d44   0x08000d44   0x00000022   Code   RO         2502    i.TIM_GetITStatus   stm32f10x_tim.o
    0x08000d66   0x08000d66   0x00000002   PAD
    0x08000d68   0x08000d68   0x000000ac   Code   RO         2504    i.TIM_ICInit        stm32f10x_tim.o
    0x08000e14   0x08000e14   0x00000012   Code   RO         2506    i.TIM_ITConfig      stm32f10x_tim.o
    0x08000e26   0x08000e26   0x00000002   PAD
    0x08000e28   0x08000e28   0x00000098   Code   RO         2510    i.TIM_OC1Init       stm32f10x_tim.o
    0x08000ec0   0x08000ec0   0x0000001a   Code   RO         2517    i.TIM_OC2PolarityConfig  stm32f10x_tim.o
    0x08000eda   0x08000eda   0x00000002   PAD
    0x08000edc   0x08000edc   0x000000a0   Code   RO         2520    i.TIM_OC3Init       stm32f10x_tim.o
    0x08000f7c   0x08000f7c   0x0000007c   Code   RO         2525    i.TIM_OC4Init       stm32f10x_tim.o
    0x08000ff8   0x08000ff8   0x00000004   Code   RO         2542    i.TIM_SetCompare1   stm32f10x_tim.o
    0x08000ffc   0x08000ffc   0x00000004   Code   RO         2544    i.TIM_SetCompare3   stm32f10x_tim.o
    0x08001000   0x08001000   0x00000006   Code   RO         2545    i.TIM_SetCompare4   stm32f10x_tim.o
    0x08001006   0x08001006   0x00000004   Code   RO         2546    i.TIM_SetCounter    stm32f10x_tim.o
    0x0800100a   0x0800100a   0x00000012   Code   RO         2547    i.TIM_SetIC1Prescaler  stm32f10x_tim.o
    0x0800101c   0x0800101c   0x0000001a   Code   RO         2548    i.TIM_SetIC2Prescaler  stm32f10x_tim.o
    0x08001036   0x08001036   0x00000012   Code   RO         2549    i.TIM_SetIC3Prescaler  stm32f10x_tim.o
    0x08001048   0x08001048   0x0000001a   Code   RO         2550    i.TIM_SetIC4Prescaler  stm32f10x_tim.o
    0x08001062   0x08001062   0x00000002   PAD
    0x08001064   0x08001064   0x000000a4   Code   RO         2552    i.TIM_TimeBaseInit  stm32f10x_tim.o
    0x08001108   0x08001108   0x0000005c   Code   RO         3659    i.USART2_IRQHandler  bluetooth.o
    0x08001164   0x08001164   0x0000001e   Code   RO         3014    i.USART_ClearITPendingBit  stm32f10x_usart.o
    0x08001182   0x08001182   0x00000018   Code   RO         3017    i.USART_Cmd         stm32f10x_usart.o
    0x0800119a   0x0800119a   0x00000054   Code   RO         3021    i.USART_GetITStatus  stm32f10x_usart.o
    0x080011ee   0x080011ee   0x0000004a   Code   RO         3023    i.USART_ITConfig    stm32f10x_usart.o
    0x08001238   0x08001238   0x000000d8   Code   RO         3024    i.USART_Init        stm32f10x_usart.o
    0x08001310   0x08001310   0x0000000a   Code   RO         3031    i.USART_ReceiveData  stm32f10x_usart.o
    0x0800131a   0x0800131a   0x00000004   Code   RO          165    i.UsageFault_Handler  stm32f10x_it.o
    0x0800131e   0x0800131e   0x0000002c   Code   RO            1    i.all_init          main.o
    0x0800134a   0x0800134a   0x0000004a   Code   RO         3617    i.black_follow_all  blackfollower.o
    0x08001394   0x08001394   0x00000018   Code   RO         3618    i.black_follow_left  blackfollower.o
    0x080013ac   0x080013ac   0x00000018   Code   RO         3619    i.black_follow_right  blackfollower.o
    0x080013c4   0x080013c4   0x00000050   Code   RO         3620    i.blackfollower_init  blackfollower.o
    0x08001414   0x08001414   0x000003fc   Code   RO            2    i.blue_command      main.o
    0x08001810   0x08001810   0x00000030   Code   RO         3424    i.car_back          pwm.o
    0x08001840   0x08001840   0x00000028   Code   RO         3425    i.car_brake         pwm.o
    0x08001868   0x08001868   0x0000002c   Code   RO         3426    i.car_left          pwm.o
    0x08001894   0x08001894   0x0000002c   Code   RO         3427    i.car_right         pwm.o
    0x080018c0   0x080018c0   0x0000002c   Code   RO         3428    i.car_run           pwm.o
    0x080018ec   0x080018ec   0x00000030   Code   RO         3429    i.car_spin_left     pwm.o
    0x0800191c   0x0800191c   0x00000030   Code   RO         3430    i.car_spin_right    pwm.o
    0x0800194c   0x0800194c   0x00000018   Code   RO         3265    i.delay_ms          delay.o
    0x08001964   0x08001964   0x0000002e   Code   RO         3267    i.delay_us          delay.o
    0x08001992   0x08001992   0x00000002   PAD
    0x08001994   0x08001994   0x00000018   Code   RO         3575    i.front_detection   turn.o
    0x080019ac   0x080019ac   0x00000066   Code   RO         3519    i.iravoid_check     iravoid.o
    0x08001a12   0x08001a12   0x00000002   PAD
    0x08001a14   0x08001a14   0x00000018   Code   RO         3520    i.iravoid_left      iravoid.o
    0x08001a2c   0x08001a2c   0x00000014   Code   RO         3521    i.iravoid_right     iravoid.o
    0x08001a40   0x08001a40   0x0000001c   Code   RO         3576    i.left_detection    turn.o
    0x08001a5c   0x08001a5c   0x0000001a   Code   RO            3    i.main              main.o
    0x08001a76   0x08001a76   0x00000002   PAD
    0x08001a78   0x08001a78   0x0000003c   Code   RO         3549    i.measure_micro     microsonic.o
    0x08001ab4   0x08001ab4   0x00000078   Code   RO         3577    i.microsonic_check  turn.o
    0x08001b2c   0x08001b2c   0x000000c0   Code   RO         3550    i.microsonic_init   microsonic.o
    0x08001bec   0x08001bec   0x000000e8   Code   RO         3431    i.pwm_init          pwm.o
    0x08001cd4   0x08001cd4   0x000000b4   Code   RO         3398    i.remote_init       remote.o
    0x08001d88   0x08001d88   0x0000001c   Code   RO         3578    i.right_detection   turn.o
    0x08001da4   0x08001da4   0x00000060   Code   RO         3579    i.set_angle         turn.o
    0x08001e04   0x08001e04   0x00000018   Code   RO         3432    i.set_speed_left    pwm.o
    0x08001e1c   0x08001e1c   0x00000018   Code   RO         3433    i.set_speed_right   pwm.o
    0x08001e34   0x08001e34   0x00000238   Code   RO            4    i.tele_command      main.o
    0x0800206c   0x0800206c   0x00000068   Code   RO         3399    i.telecontrol       remote.o
    0x080020d4   0x080020d4   0x00000054   Code   RO         3660    i.tim3_init         bluetooth.o
    0x08002128   0x08002128   0x0000007c   Code   RO         3580    i.turn_init         turn.o
    0x080021a4   0x080021a4   0x000000ac   Code   RO         3661    i.usart_init        bluetooth.o
    0x08002250   0x08002250   0x00000062   Code   RO         3703    x$fpl$d2f           fz_ws.l(d2f.o)
    0x080022b2   0x080022b2   0x00000002   PAD
    0x080022b4   0x080022b4   0x00000150   Code   RO         3705    x$fpl$dadd          fz_ws.l(daddsub_clz.o)
    0x08002404   0x08002404   0x000002b0   Code   RO         3712    x$fpl$ddiv          fz_ws.l(ddiv.o)
    0x080026b4   0x080026b4   0x0000005a   Code   RO         3715    x$fpl$dfixu         fz_ws.l(dfixu.o)
    0x0800270e   0x0800270e   0x0000002e   Code   RO         3720    x$fpl$dflt          fz_ws.l(dflt_clz.o)
    0x0800273c   0x0800273c   0x00000154   Code   RO         3725    x$fpl$dmul          fz_ws.l(dmul.o)
    0x08002890   0x08002890   0x0000009c   Code   RO         3746    x$fpl$dnaninf       fz_ws.l(dnaninf.o)
    0x0800292c   0x0800292c   0x0000000c   Code   RO         3748    x$fpl$dretinf       fz_ws.l(dretinf.o)
    0x08002938   0x08002938   0x000001d4   Code   RO         3707    x$fpl$dsub          fz_ws.l(daddsub_clz.o)
    0x08002b0c   0x08002b0c   0x00000056   Code   RO         3727    x$fpl$f2d           fz_ws.l(f2d.o)
    0x08002b62   0x08002b62   0x00000002   PAD
    0x08002b64   0x08002b64   0x00000036   Code   RO         3729    x$fpl$ffix          fz_ws.l(ffix.o)
    0x08002b9a   0x08002b9a   0x00000002   PAD
    0x08002b9c   0x08002b9c   0x0000003e   Code   RO         3733    x$fpl$ffixu         fz_ws.l(ffixu.o)
    0x08002bda   0x08002bda   0x00000002   PAD
    0x08002bdc   0x08002bdc   0x00000026   Code   RO         3737    x$fpl$ffltu         fz_ws.l(fflt_clz.o)
    0x08002c02   0x08002c02   0x00000002   PAD
    0x08002c04   0x08002c04   0x00000102   Code   RO         3743    x$fpl$fmul          fz_ws.l(fmul.o)
    0x08002d06   0x08002d06   0x0000008c   Code   RO         3750    x$fpl$fnaninf       fz_ws.l(fnaninf.o)
    0x08002d92   0x08002d92   0x0000000a   Code   RO         3752    x$fpl$fretinf       fz_ws.l(fretinf.o)
    0x08002d9c   0x08002d9c   0x00000000   Code   RO         3754    x$fpl$usenofp       fz_ws.l(usenofp.o)
    0x08002d9c   0x08002d9c   0x00000020   Data   RO         3907    Region$$Table       anon$$obj.o


    Execution Region RW_IRAM1 (Exec base: 0x20000000, Load base: 0x08002dbc, Size: 0x00000828, Max: 0x0000c000, ABSOLUTE)

    Exec Addr    Load Addr    Size         Type   Attr      Idx    E Section Name        Object

    0x20000000   0x08002dbc   0x0000000c   Data   RW            5    .data               main.o
    0x2000000c   0x08002dc8   0x00000014   Data   RW         1877    .data               stm32f10x_rcc.o
    0x20000020   0x08002ddc   0x00000009   Data   RW         3400    .data               remote.o
    0x20000029   0x08002de5   0x00000003   PAD
    0x2000002c   0x08002de8   0x00000004   Data   RW         3551    .data               microsonic.o
    0x20000030   0x08002dec   0x00000003   Data   RW         3663    .data               bluetooth.o
    0x20000033   0x08002def   0x00000005   PAD
    0x20000038        -       0x00000190   Zero   RW         3662    .bss                bluetooth.o
    0x200001c8        -       0x00000060   Zero   RW         3781    .bss                c_w.l(libspace.o)
    0x20000228        -       0x00000200   Zero   RW         3259    HEAP                startup_stm32f10x_hd.o
    0x20000428        -       0x00000400   Zero   RW         3258    STACK               startup_stm32f10x_hd.o


==============================================================================

Image component sizes


      Code (inc. data)   RO Data    RW Data    ZI Data      Debug   Object Name

       202         16          0          0          0       2045   blackfollower.o
       400         40          0          3        400       2850   bluetooth.o
         0          0          0          0          0         32   core_cm3.o
        70          0          0          0          0        938   delay.o
       230         20          0          0          0       2038   iravoid.o
      1658         76          0         12          0     253931   main.o
       368         42          0          4          0       1947   microsonic.o
       132         22          0          0          0     208311   misc.o
       596         84          0          0          0       5099   pwm.o
       696         40          0          9          0       2166   remote.o
        64         26        304          0       1536        792   startup_stm32f10x_hd.o
       200         18          0          0          0       1964   stm32f10x_exti.o
       368          4          0          0          0       4066   stm32f10x_gpio.o
        26          0          0          0          0       3598   stm32f10x_it.o
       276         32          0         20          0       4282   stm32f10x_rcc.o
      1580        190          0          0          0      15143   stm32f10x_tim.o
       438          6          0          0          0       5388   stm32f10x_usart.o
       328         28          0          0          0       1745   system_stm32f10x.o
       420         42          0          0          0       3168   turn.o

    ----------------------------------------------------------------------
      8074        686        336         52       1940     519503   Object Totals
         0          0         32          0          0          0   (incl. Generated)
        22          0          0          4          4          0   (incl. Padding)

    ----------------------------------------------------------------------

      Code (inc. data)   RO Data    RW Data    ZI Data      Debug   Library Member Name

         8          0          0          0          0         68   __main.o
         0          0          0          0          0          0   __rtentry.o
        12          0          0          0          0          0   __rtentry2.o
         6          0          0          0          0          0   __rtentry4.o
        52          8          0          0          0          0   __scatter.o
        26          0          0          0          0          0   __scatter_copy.o
        28          0          0          0          0          0   __scatter_zi.o
        18          0          0          0          0         80   exit.o
         6          0          0          0          0        152   heapauxi.o
         0          0          0          0          0          0   indicate_semi.o
         2          0          0          0          0          0   libinit.o
         2          0          0          0          0          0   libinit2.o
         2          0          0          0          0          0   libshutdown.o
         2          0          0          0          0          0   libshutdown2.o
         8          4          0          0         96         68   libspace.o
         2          0          0          0          0          0   rtexit.o
        10          0          0          0          0          0   rtexit2.o
       128          0          0          0          0         68   strcmpv7m.o
        12          4          0          0          0         68   sys_exit.o
        74          0          0          0          0         80   sys_stackheap_outer.o
         2          0          0          0          0         68   use_no_semi.o
        98          4          0          0          0         92   d2f.o
       804         16          0          0          0        272   daddsub_clz.o
       688        140          0          0          0        208   ddiv.o
        90          4          0          0          0         92   dfixu.o
        46          0          0          0          0         68   dflt_clz.o
       340         12          0          0          0        104   dmul.o
       156          4          0          0          0         92   dnaninf.o
        12          0          0          0          0         68   dretinf.o
        86          4          0          0          0         84   f2d.o
        54          4          0          0          0         84   ffix.o
        62          4          0          0          0         84   ffixu.o
        38          0          0          0          0         68   fflt_clz.o
       258          4          0          0          0         84   fmul.o
       140          4          0          0          0         84   fnaninf.o
        10          0          0          0          0         68   fretinf.o
         0          0          0          0          0          0   usenofp.o

    ----------------------------------------------------------------------
      3298        216          0          0         96       2204   Library Totals
        16          0          0          0          0          0   (incl. Padding)

    ----------------------------------------------------------------------

      Code (inc. data)   RO Data    RW Data    ZI Data      Debug   Library Name

       400         16          0          0         96        652   c_w.l
      2882        200          0          0          0       1552   fz_ws.l

    ----------------------------------------------------------------------
      3298        216          0          0         96       2204   Library Totals

    ----------------------------------------------------------------------

==============================================================================


      Code (inc. data)   RO Data    RW Data    ZI Data      Debug   

     11372        902        336         52       2036     515879   Grand Totals
     11372        902        336         52       2036     515879   ELF Image Totals
     11372        902        336         52          0          0   ROM Totals

==============================================================================

    Total RO  Size (Code + RO Data)                11708 (  11.43kB)
    Total RW  Size (RW Data + ZI Data)              2088 (   2.04kB)
    Total ROM Size (Code + RO Data + RW Data)      11760 (  11.48kB)

==============================================================================

